Archive member included to satisfy reference by file (symbol)

C:/ST/STM32CubeIDE_1.11.0/STM32CubeIDE/plugins/com.st.stm32cube.ide.mcu.externaltools.gnu-tools-for-stm32.11.3.rel1.win32_1.1.100.202309141235/tools/bin/../lib/gcc/arm-none-eabi/11.3.1/../../../../arm-none-eabi/lib/thumb/v7-m/nofp\libc_nano.a(libc_a-exit.o)
                              C:/ST/STM32CubeIDE_1.11.0/STM32CubeIDE/plugins/com.st.stm32cube.ide.mcu.externaltools.gnu-tools-for-stm32.11.3.rel1.win32_1.1.100.202309141235/tools/bin/../lib/gcc/arm-none-eabi/11.3.1/../../../../arm-none-eabi/lib/thumb/v7-m/nofp/crt0.o (exit)
C:/ST/STM32CubeIDE_1.11.0/STM32CubeIDE/plugins/com.st.stm32cube.ide.mcu.externaltools.gnu-tools-for-stm32.11.3.rel1.win32_1.1.100.202309141235/tools/bin/../lib/gcc/arm-none-eabi/11.3.1/../../../../arm-none-eabi/lib/thumb/v7-m/nofp\libc_nano.a(libc_a-findfp.o)
                              C:/ST/STM32CubeIDE_1.11.0/STM32CubeIDE/plugins/com.st.stm32cube.ide.mcu.externaltools.gnu-tools-for-stm32.11.3.rel1.win32_1.1.100.202309141235/tools/bin/../lib/gcc/arm-none-eabi/11.3.1/../../../../arm-none-eabi/lib/thumb/v7-m/nofp\libc_nano.a(libc_a-exit.o) (__stdio_exit_handler)
C:/ST/STM32CubeIDE_1.11.0/STM32CubeIDE/plugins/com.st.stm32cube.ide.mcu.externaltools.gnu-tools-for-stm32.11.3.rel1.win32_1.1.100.202309141235/tools/bin/../lib/gcc/arm-none-eabi/11.3.1/../../../../arm-none-eabi/lib/thumb/v7-m/nofp\libc_nano.a(libc_a-fwalk.o)
                              C:/ST/STM32CubeIDE_1.11.0/STM32CubeIDE/plugins/com.st.stm32cube.ide.mcu.externaltools.gnu-tools-for-stm32.11.3.rel1.win32_1.1.100.202309141235/tools/bin/../lib/gcc/arm-none-eabi/11.3.1/../../../../arm-none-eabi/lib/thumb/v7-m/nofp\libc_nano.a(libc_a-findfp.o) (_fwalk_sglue)
C:/ST/STM32CubeIDE_1.11.0/STM32CubeIDE/plugins/com.st.stm32cube.ide.mcu.externaltools.gnu-tools-for-stm32.11.3.rel1.win32_1.1.100.202309141235/tools/bin/../lib/gcc/arm-none-eabi/11.3.1/../../../../arm-none-eabi/lib/thumb/v7-m/nofp\libc_nano.a(libc_a-sprintf.o)
                              ./Core/Src/MY_NRF24.o (sprintf)
C:/ST/STM32CubeIDE_1.11.0/STM32CubeIDE/plugins/com.st.stm32cube.ide.mcu.externaltools.gnu-tools-for-stm32.11.3.rel1.win32_1.1.100.202309141235/tools/bin/../lib/gcc/arm-none-eabi/11.3.1/../../../../arm-none-eabi/lib/thumb/v7-m/nofp\libc_nano.a(libc_a-stdio.o)
                              C:/ST/STM32CubeIDE_1.11.0/STM32CubeIDE/plugins/com.st.stm32cube.ide.mcu.externaltools.gnu-tools-for-stm32.11.3.rel1.win32_1.1.100.202309141235/tools/bin/../lib/gcc/arm-none-eabi/11.3.1/../../../../arm-none-eabi/lib/thumb/v7-m/nofp\libc_nano.a(libc_a-findfp.o) (__sread)
C:/ST/STM32CubeIDE_1.11.0/STM32CubeIDE/plugins/com.st.stm32cube.ide.mcu.externaltools.gnu-tools-for-stm32.11.3.rel1.win32_1.1.100.202309141235/tools/bin/../lib/gcc/arm-none-eabi/11.3.1/../../../../arm-none-eabi/lib/thumb/v7-m/nofp\libc_nano.a(libc_a-memcmp.o)
                              ./Core/Src/utility.o (memcmp)
C:/ST/STM32CubeIDE_1.11.0/STM32CubeIDE/plugins/com.st.stm32cube.ide.mcu.externaltools.gnu-tools-for-stm32.11.3.rel1.win32_1.1.100.202309141235/tools/bin/../lib/gcc/arm-none-eabi/11.3.1/../../../../arm-none-eabi/lib/thumb/v7-m/nofp\libc_nano.a(libc_a-memset.o)
                              C:/ST/STM32CubeIDE_1.11.0/STM32CubeIDE/plugins/com.st.stm32cube.ide.mcu.externaltools.gnu-tools-for-stm32.11.3.rel1.win32_1.1.100.202309141235/tools/bin/../lib/gcc/arm-none-eabi/11.3.1/../../../../arm-none-eabi/lib/thumb/v7-m/nofp/crt0.o (memset)
C:/ST/STM32CubeIDE_1.11.0/STM32CubeIDE/plugins/com.st.stm32cube.ide.mcu.externaltools.gnu-tools-for-stm32.11.3.rel1.win32_1.1.100.202309141235/tools/bin/../lib/gcc/arm-none-eabi/11.3.1/../../../../arm-none-eabi/lib/thumb/v7-m/nofp\libc_nano.a(libc_a-strncmp.o)
                              ./Core/Src/utility.o (strncmp)
C:/ST/STM32CubeIDE_1.11.0/STM32CubeIDE/plugins/com.st.stm32cube.ide.mcu.externaltools.gnu-tools-for-stm32.11.3.rel1.win32_1.1.100.202309141235/tools/bin/../lib/gcc/arm-none-eabi/11.3.1/../../../../arm-none-eabi/lib/thumb/v7-m/nofp\libc_nano.a(libc_a-closer.o)
                              C:/ST/STM32CubeIDE_1.11.0/STM32CubeIDE/plugins/com.st.stm32cube.ide.mcu.externaltools.gnu-tools-for-stm32.11.3.rel1.win32_1.1.100.202309141235/tools/bin/../lib/gcc/arm-none-eabi/11.3.1/../../../../arm-none-eabi/lib/thumb/v7-m/nofp\libc_nano.a(libc_a-stdio.o) (_close_r)
C:/ST/STM32CubeIDE_1.11.0/STM32CubeIDE/plugins/com.st.stm32cube.ide.mcu.externaltools.gnu-tools-for-stm32.11.3.rel1.win32_1.1.100.202309141235/tools/bin/../lib/gcc/arm-none-eabi/11.3.1/../../../../arm-none-eabi/lib/thumb/v7-m/nofp\libc_nano.a(libc_a-reent.o)
                              C:/ST/STM32CubeIDE_1.11.0/STM32CubeIDE/plugins/com.st.stm32cube.ide.mcu.externaltools.gnu-tools-for-stm32.11.3.rel1.win32_1.1.100.202309141235/tools/bin/../lib/gcc/arm-none-eabi/11.3.1/../../../../arm-none-eabi/lib/thumb/v7-m/nofp\libc_nano.a(libc_a-closer.o) (errno)
[...]
Memory Configuration

Name             Origin             Length             Attributes
RAM              0x0000000020000000 0x0000000000005000 xrw
FLASH            0x0000000008000000 0x0000000000010000 xr
*default*        0x0000000000000000 0xffffffffffffffff

Linker script and memory map

LOAD C:/ST/STM32CubeIDE_1.11.0/STM32CubeIDE/plugins/com.st.stm32cube.ide.mcu.externaltools.gnu-tools-for-stm32.11.3.rel1.win32_1.1.100.202309141235/tools/bin/../lib/gcc/arm-none-eabi/11.3.1/thumb/v7-m/nofp/crti.o
LOAD C:/ST/STM32CubeIDE_1.11.0/STM32CubeIDE/plugins/com.st.stm32cube.ide.mcu.externaltools.gnu-tools-for-stm32.11.3.rel1.win32_1.1.100.202309141235/tools/bin/../lib/gcc/arm-none-eabi/11.3.1/thumb/v7-m/nofp/crtbegin.o
LOAD C:/ST/STM32CubeIDE_1.11.0/STM32CubeIDE/plugins/com.st.stm32cube.ide.mcu.externaltools.gnu-tools-for-stm32.11.3.rel1.win32_1.1.100.202309141235/tools/bin/../lib/gcc/arm-none-eabi/11.3.1/../../../../arm-none-eabi/lib/thumb/v7-m/nofp/crt0.o
LOAD ./Core/Src/ADP8XX_DP_SENSOR.o
LOAD ./Core/Src/MY_NRF24.o
LOAD ./Core/Src/ee.o
LOAD ./Core/Src/main.o
LOAD ./Core/Src/nrf_helper.o
LOAD ./Core/Src/stm32f1xx_hal_msp.o
LOAD ./Core/Src/stm32f1xx_it.o
LOAD ./Core/Src/syscalls.o
LOAD ./Core/Src/sysmem.o
LOAD ./Core/Src/system_stm32f1xx.o
LOAD ./Core/Src/utility.o
LOAD ./Core/Startup/startup_stm32f103c8tx.o
LOAD ./Drivers/STM32F1xx_HAL_Driver/Src/stm32f1xx_hal.o
LOAD ./Drivers/STM32F1xx_HAL_Driver/Src/stm32f1xx_hal_cortex.o
LOAD ./Drivers/STM32F1xx_HAL_Driver/Src/stm32f1xx_hal_dma.o
LOAD ./Drivers/STM32F1xx_HAL_Driver/Src/stm32f1xx_hal_exti.o
LOAD ./Drivers/STM32F1xx_HAL_Driver/Src/stm32f1xx_hal_flash.o
LOAD ./Drivers/STM32F1xx_HAL_Driver/Src/stm32f1xx_hal_flash_ex.o
LOAD ./Drivers/STM32F1xx_HAL_Driver/Src/stm32f1xx_hal_gpio.o
LOAD ./Drivers/STM32F1xx_HAL_Driver/Src/stm32f1xx_hal_gpio_ex.o
LOAD ./Drivers/STM32F1xx_HAL_Driver/Src/stm32f1xx_hal_i2c.o
LOAD ./Drivers/STM32F1xx_HAL_Driver/Src/stm32f1xx_hal_pwr.o
LOAD ./Drivers/STM32F1xx_HAL_Driver/Src/stm32f1xx_hal_rcc.o
LOAD ./Drivers/STM32F1xx_HAL_Driver/Src/stm32f1xx_hal_rcc_ex.o
LOAD ./Drivers/STM32F1xx_HAL_Driver/Src/stm32f1xx_hal_spi.o
LOAD ./Drivers/STM32F1xx_HAL_Driver/Src/stm32f1xx_hal_tim.o
LOAD ./Drivers/STM32F1xx_HAL_Driver/Src/stm32f1xx_hal_tim_ex.o
LOAD ./Drivers/STM32F1xx_HAL_Driver/Src/stm32f1xx_hal_uart.o
START GROUP
LOAD C:/ST/STM32CubeIDE_1.11.0/STM32CubeIDE/plugins/com.st.stm32cube.ide.mcu.externaltools.gnu-tools-for-stm32.11.3.rel1.win32_1.1.100.202309141235/tools/bin/../lib/gcc/arm-none-eabi/11.3.1/../../../../arm-none-eabi/lib/thumb/v7-m/nofp\libc_nano.a
LOAD C:/ST/STM32CubeIDE_1.11.0/STM32CubeIDE/plugins/com.st.stm32cube.ide.mcu.externaltools.gnu-tools-for-stm32.11.3.rel1.win32_1.1.100.202309141235/tools/bin/../lib/gcc/arm-none-eabi/11.3.1/../../../../arm-none-eabi/lib/thumb/v7-m/nofp\libm.a
END GROUP
START GROUP
LOAD C:/ST/STM32CubeIDE_1.11.0/STM32CubeIDE/plugins/com.st.stm32cube.ide.mcu.externaltools.gnu-tools-for-stm32.11.3.rel1.win32_1.1.100.202309141235/tools/bin/../lib/gcc/arm-none-eabi/11.3.1/thumb/v7-m/nofp\libgcc.a
LOAD C:/ST/STM32CubeIDE_1.11.0/STM32CubeIDE/plugins/com.st.stm32cube.ide.mcu.externaltools.gnu-tools-for-stm32.11.3.rel1.win32_1.1.100.202309141235/tools/bin/../lib/gcc/arm-none-eabi/11.3.1/../../../../arm-none-eabi/lib/thumb/v7-m/nofp\libc_nano.a
END GROUP
START GROUP
LOAD C:/ST/STM32CubeIDE_1.11.0/STM32CubeIDE/plugins/com.st.stm32cube.ide.mcu.externaltools.gnu-tools-for-stm32.11.3.rel1.win32_1.1.100.202309141235/tools/bin/../lib/gcc/arm-none-eabi/11.3.1/thumb/v7-m/nofp\libgcc.a
LOAD C:/ST/STM32CubeIDE_1.11.0/STM32CubeIDE/plugins/com.st.stm32cube.ide.mcu.externaltools.gnu-tools-for-stm32.11.3.rel1.win32_1.1.100.202309141235/tools/bin/../lib/gcc/arm-none-eabi/11.3.1/../../../../arm-none-eabi/lib/thumb/v7-m/nofp\libc_nano.a
LOAD C:/ST/STM32CubeIDE_1.11.0/STM32CubeIDE/plugins/com.st.stm32cube.ide.mcu.externaltools.gnu-tools-for-stm32.11.3.rel1.win32_1.1.100.202309141235/tools/bin/../lib/gcc/arm-none-eabi/11.3.1/../../../../arm-none-eabi/lib/thumb/v7-m/nofp\libnosys.a
END GROUP
START GROUP
LOAD C:/ST/STM32CubeIDE_1.11.0/STM32CubeIDE/plugins/com.st.stm32cube.ide.mcu.externaltools.gnu-tools-for-stm32.11.3.rel1.win32_1.1.100.202309141235/tools/bin/../lib/gcc/arm-none-eabi/11.3.1/thumb/v7-m/nofp\libgcc.a
LOAD C:/ST/STM32CubeIDE_1.11.0/STM32CubeIDE/plugins/com.st.stm32cube.ide.mcu.externaltools.gnu-tools-for-stm32.11.3.rel1.win32_1.1.100.202309141235/tools/bin/../lib/gcc/arm-none-eabi/11.3.1/../../../../arm-none-eabi/lib/thumb/v7-m/nofp\libc_nano.a
LOAD C:/ST/STM32CubeIDE_1.11.0/STM32CubeIDE/plugins/com.st.stm32cube.ide.mcu.externaltools.gnu-tools-for-stm32.11.3.rel1.win32_1.1.100.202309141235/tools/bin/../lib/gcc/arm-none-eabi/11.3.1/../../../../arm-none-eabi/lib/thumb/v7-m/nofp\libnosys.a
END GROUP
LOAD C:/ST/STM32CubeIDE_1.11.0/STM32CubeIDE/plugins/com.st.stm32cube.ide.mcu.externaltools.gnu-tools-for-stm32.11.3.rel1.win32_1.1.100.202309141235/tools/bin/../lib/gcc/arm-none-eabi/11.3.1/thumb/v7-m/nofp/crtend.o
LOAD C:/ST/STM32CubeIDE_1.11.0/STM32CubeIDE/plugins/com.st.stm32cube.ide.mcu.externaltools.gnu-tools-for-stm32.11.3.rel1.win32_1.1.100.202309141235/tools/bin/../lib/gcc/arm-none-eabi/11.3.1/thumb/v7-m/nofp/crtn.o
                0x0000000020005000                _estack = (ORIGIN (RAM) + LENGTH (RAM))
                0x0000000000000200                _Min_Heap_Size = 0x200
                0x0000000000000400                _Min_Stack_Size = 0x400

.isr_vector     0x0000000008000000      0x10c
                0x0000000008000000                . = ALIGN (0x4)
 *(.isr_vector)
 .isr_vector    0x0000000008000000      0x10c ./Core/Startup/startup_stm32f103c8tx.o
                0x0000000008000000                g_pfnVectors
                0x000000000800010c                . = ALIGN (0x4)

.text           0x0000000008000110     0x68bc
                0x0000000008000110                . = ALIGN (0x4)
 *(.text)
 .text          0x0000000008000110       0x40 C:/ST/STM32CubeIDE_1.11.0/STM32CubeIDE/plugins/com.st.stm32cube.ide.mcu.externaltools.gnu-tools-for-stm32.11.3.rel1.win32_1.1.100.202309141235/tools/bin/../lib/gcc/arm-none-eabi/11.3.1/thumb/v7-m/nofp/crtbegin.o
 .text          0x0000000008000150       0x10 C:/ST/STM32CubeIDE_1.11.0/STM32CubeIDE/plugins/com.st.stm32cube.ide.mcu.externaltools.gnu-tools-for-stm32.11.3.rel1.win32_1.1.100.202309141235/tools/bin/../lib/gcc/arm-none-eabi/11.3.1/../../../../arm-none-eabi/lib/thumb/v7-m/nofp\libc_nano.a(libc_a-strlen.o)
                0x0000000008000150                strlen
 *(.text*)
 .text.dp_sens_init
                0x0000000008000160       0x3c ./Core/Src/ADP8XX_DP_SENSOR.o
                0x0000000008000160                dp_sens_init
 .text.READ_PRESSURE
                0x000000000800019c       0x74 ./Core/Src/ADP8XX_DP_SENSOR.o
                0x000000000800019c                READ_PRESSURE
 .text.NRF24_DelayMicroSeconds
                0x0000000008000210       0x40 ./Core/Src/MY_NRF24.o
                0x0000000008000210                NRF24_DelayMicroSeconds
 .text.NRF24_csn
                0x0000000008000250       0x40 ./Core/Src/MY_NRF24.o
                0x0000000008000250                NRF24_csn
 .text.NRF24_ce
                0x0000000008000290       0x40 ./Core/Src/MY_NRF24.o
                0x0000000008000290                NRF24_ce
 .text.NRF24_read_register
                0x00000000080002d0       0x50 ./Core/Src/MY_NRF24.o
                0x00000000080002d0                NRF24_read_register
 .text.NRF24_read_registerN
                0x0000000008000320       0x50 ./Core/Src/MY_NRF24.o
                0x0000000008000320                NRF24_read_registerN
 .text.NRF24_write_register
                0x0000000008000370       0x44 ./Core/Src/MY_NRF24.o
                0x0000000008000370                NRF24_write_register
 .text.NRF24_write_registerN
                0x00000000080003b4       0x50 ./Core/Src/MY_NRF24.o
                0x00000000080003b4                NRF24_write_registerN
 .text.NRF24_write_payload
                0x0000000008000404       0x44 ./Core/Src/MY_NRF24.o
                0x0000000008000404                NRF24_write_payload
 .text.NRF24_read_payload
                0x0000000008000448       0x60 ./Core/Src/MY_NRF24.o
                0x0000000008000448                NRF24_read_payload
 .text.NRF24_flush_tx
                0x00000000080004a8       0x10 ./Core/Src/MY_NRF24.o
                0x00000000080004a8                NRF24_flush_tx
 .text.NRF24_flush_rx
                0x00000000080004b8       0x10 ./Core/Src/MY_NRF24.o
                0x00000000080004b8                NRF24_flush_rx
 .text.NRF24_get_status
                0x00000000080004c8       0x1a ./Core/Src/MY_NRF24.o
                0x00000000080004c8                NRF24_get_status
 *fill*         0x00000000080004e2        0x2 
 .text.NRF24_begin
                0x00000000080004e4      0x1c0 ./Core/Src/MY_NRF24.o
                0x00000000080004e4                NRF24_begin
 .text.NRF24_startListening
                0x00000000080006a4       0x4c ./Core/Src/MY_NRF24.o
                0x00000000080006a4                NRF24_startListening
 .text.NRF24_stopListening
                0x00000000080006f0       0x16 ./Core/Src/MY_NRF24.o
                0x00000000080006f0                NRF24_stopListening
 *fill*         0x0000000008000706        0x2 
 .text.NRF24_write
                0x0000000008000708       0x98 ./Core/Src/MY_NRF24.o
                0x0000000008000708                NRF24_write
 .text.NRF24_available
                0x00000000080007a0       0x10 ./Core/Src/MY_NRF24.o
                0x00000000080007a0                NRF24_available
 .text.NRF24_read
                0x00000000080007b0       0x40 ./Core/Src/MY_NRF24.o
                0x00000000080007b0                NRF24_read
 .text.NRF24_openWritingPipe
                0x00000000080007f0       0x48 ./Core/Src/MY_NRF24.o
                0x00000000080007f0                NRF24_openWritingPipe
 .text.NRF24_openReadingPipe
                0x0000000008000838       0x9c ./Core/Src/MY_NRF24.o
                0x0000000008000838                NRF24_openReadingPipe
 .text.NRF24_setRetries
                0x00000000080008d4       0x36 ./Core/Src/MY_NRF24.o
                0x00000000080008d4                NRF24_setRetries
 .text.NRF24_setChannel
                0x000000000800090a       0x2a ./Core/Src/MY_NRF24.o
                0x000000000800090a                NRF24_setChannel
 .text.NRF24_setPayloadSize
                0x0000000008000934       0x2c ./Core/Src/MY_NRF24.o
                0x0000000008000934                NRF24_setPayloadSize
 .text.NRF24_getPayloadSize
                0x0000000008000960       0x14 ./Core/Src/MY_NRF24.o
                0x0000000008000960                NRF24_getPayloadSize
 .text.NRF24_getDynamicPayloadSize
                0x0000000008000974       0x10 ./Core/Src/MY_NRF24.o
                0x0000000008000974                NRF24_getDynamicPayloadSize
 .text.NRF24_disableDynamicPayloads
                0x0000000008000984       0x30 ./Core/Src/MY_NRF24.o
                0x0000000008000984                NRF24_disableDynamicPayloads
 .text.NRF24_setPALevel
                0x00000000080009b4       0x72 ./Core/Src/MY_NRF24.o
                0x00000000080009b4                NRF24_setPALevel
 *fill*         0x0000000008000a26        0x2 
 .text.NRF24_setDataRate
                0x0000000008000a28       0x8c ./Core/Src/MY_NRF24.o
                0x0000000008000a28                NRF24_setDataRate
 .text.NRF24_setCRCLength
                0x0000000008000ab4       0x50 ./Core/Src/MY_NRF24.o
                0x0000000008000ab4                NRF24_setCRCLength
 .text.NRF24_powerDown
                0x0000000008000b04       0x1e ./Core/Src/MY_NRF24.o
                0x0000000008000b04                NRF24_powerDown
 .text.NRF24_availablePipe
                0x0000000008000b22       0x60 ./Core/Src/MY_NRF24.o
                0x0000000008000b22                NRF24_availablePipe
 .text.NRF24_startWrite
                0x0000000008000b82       0x5e ./Core/Src/MY_NRF24.o
                0x0000000008000b82                NRF24_startWrite
 .text.NRF24_whatHappened
                0x0000000008000be0       0x66 ./Core/Src/MY_NRF24.o
                0x0000000008000be0                NRF24_whatHappened
 .text.NRF24_resetStatus
                0x0000000008000c46       0x10 ./Core/Src/MY_NRF24.o
                0x0000000008000c46                NRF24_resetStatus
 *fill*         0x0000000008000c56        0x2 
 .text.NRF24_ACTIVATE_cmd
                0x0000000008000c58       0x34 ./Core/Src/MY_NRF24.o
                0x0000000008000c58                NRF24_ACTIVATE_cmd
 .text.printRadioSettings
                0x0000000008000c8c      0x850 ./Core/Src/MY_NRF24.o
                0x0000000008000c8c                printRadioSettings
 .text.nrf24_DebugUART_Init
                0x00000000080014dc       0x30 ./Core/Src/MY_NRF24.o
                0x00000000080014dc                nrf24_DebugUART_Init
 .text.ee_write_64
                0x000000000800150c       0x3c ./Core/Src/ee.o
                0x000000000800150c                ee_write_64
 .text.ee_read_64
                0x0000000008001548       0x2c ./Core/Src/ee.o
                0x0000000008001548                ee_read_64
 .text.ee_format_page
                0x0000000008001574       0x48 ./Core/Src/ee.o
                0x0000000008001574                ee_format_page
 .text.main     0x00000000080015bc      0x110 ./Core/Src/main.o
                0x00000000080015bc                main
 .text.SystemClock_Config
                0x00000000080016cc       0x76 ./Core/Src/main.o
                0x00000000080016cc                SystemClock_Config
 *fill*         0x0000000008001742        0x2 
 .text.MX_I2C1_Init
                0x0000000008001744       0x5c ./Core/Src/main.o
 .text.MX_SPI1_Init
                0x00000000080017a0       0x6c ./Core/Src/main.o
 .text.MX_USART2_UART_Init
                0x000000000800180c       0x54 ./Core/Src/main.o
 .text.MX_GPIO_Init
                0x0000000008001860       0xc0 ./Core/Src/main.o
 .text.HAL_UART_RxCpltCallback
                0x0000000008001920       0x68 ./Core/Src/main.o
                0x0000000008001920                HAL_UART_RxCpltCallback
 .text.Error_Handler
                0x0000000008001988        0xa ./Core/Src/main.o
                0x0000000008001988                Error_Handler
 *fill*         0x0000000008001992        0x2 
 .text.nrf_init
                0x0000000008001994       0x84 ./Core/Src/nrf_helper.o
                0x0000000008001994                nrf_init
 .text.Switch_to_Transmitt_mode
                0x0000000008001a18       0x2c ./Core/Src/nrf_helper.o
                0x0000000008001a18                Switch_to_Transmitt_mode
 .text.Switch_to_Receiver_mode
                0x0000000008001a44       0x30 ./Core/Src/nrf_helper.o
                0x0000000008001a44                Switch_to_Receiver_mode
 .text.TRANSMITT_UPDATE_OVER_NRF
                0x0000000008001a74       0x7c ./Core/Src/nrf_helper.o
                0x0000000008001a74                TRANSMITT_UPDATE_OVER_NRF
 .text.HAL_MspInit
                0x0000000008001af0       0x64 ./Core/Src/stm32f1xx_hal_msp.o
                0x0000000008001af0                HAL_MspInit
 .text.HAL_I2C_MspInit
                0x0000000008001b54       0x7c ./Core/Src/stm32f1xx_hal_msp.o
                0x0000000008001b54                HAL_I2C_MspInit
 .text.HAL_SPI_MspInit
                0x0000000008001bd0       0x94 ./Core/Src/stm32f1xx_hal_msp.o
                0x0000000008001bd0                HAL_SPI_MspInit
 .text.HAL_UART_MspInit
                0x0000000008001c64       0xa4 ./Core/Src/stm32f1xx_hal_msp.o
                0x0000000008001c64                HAL_UART_MspInit
 .text.NMI_Handler
                0x0000000008001d08        0x6 ./Core/Src/stm32f1xx_it.o
                0x0000000008001d08                NMI_Handler
 .text.HardFault_Handler
                0x0000000008001d0e        0x6 ./Core/Src/stm32f1xx_it.o
                0x0000000008001d0e                HardFault_Handler
 .text.MemManage_Handler
                0x0000000008001d14        0x6 ./Core/Src/stm32f1xx_it.o
                0x0000000008001d14                MemManage_Handler
 .text.BusFault_Handler
                0x0000000008001d1a        0x6 ./Core/Src/stm32f1xx_it.o
                0x0000000008001d1a                BusFault_Handler
 .text.UsageFault_Handler
                0x0000000008001d20        0x6 ./Core/Src/stm32f1xx_it.o
                0x0000000008001d20                UsageFault_Handler
 .text.SVC_Handler
                0x0000000008001d26        0xc ./Core/Src/stm32f1xx_it.o
                0x0000000008001d26                SVC_Handler
 .text.DebugMon_Handler
                0x0000000008001d32        0xc ./Core/Src/stm32f1xx_it.o
                0x0000000008001d32                DebugMon_Handler
 .text.PendSV_Handler
                0x0000000008001d3e        0xc ./Core/Src/stm32f1xx_it.o
                0x0000000008001d3e                PendSV_Handler
 .text.SysTick_Handler
                0x0000000008001d4a        0xc ./Core/Src/stm32f1xx_it.o
                0x0000000008001d4a                SysTick_Handler
 *fill*         0x0000000008001d56        0x2 
 .text.USART2_IRQHandler
                0x0000000008001d58       0x14 ./Core/Src/stm32f1xx_it.o
                0x0000000008001d58                USART2_IRQHandler
 .text._sbrk    0x0000000008001d6c       0x6c ./Core/Src/sysmem.o
                0x0000000008001d6c                _sbrk
 .text.SystemInit
                0x0000000008001dd8        0xc ./Core/Src/system_stm32f1xx.o
                0x0000000008001dd8                SystemInit
 .text.Print_Debug_Data
                0x0000000008001de4       0x28 ./Core/Src/utility.o
                0x0000000008001de4                Print_Debug_Data
 .text.Manage_Received_Data_From_UART
                0x0000000008001e0c       0xe4 ./Core/Src/utility.o
                0x0000000008001e0c                Manage_Received_Data_From_UART
 .text.Get_Pipe_Address
                0x0000000008001ef0       0xf8 ./Core/Src/utility.o
                0x0000000008001ef0                Get_Pipe_Address
 .text.HANDLE_RECEIVED_MESSAGE_FROM_GATEWAY
                0x0000000008001fe8       0x98 ./Core/Src/utility.o
                0x0000000008001fe8                HANDLE_RECEIVED_MESSAGE_FROM_GATEWAY
 .text.send_DP_sensor_value_to_gateway
                0x0000000008002080       0x64 ./Core/Src/utility.o
                0x0000000008002080                send_DP_sensor_value_to_gateway
 .text.Reset_Handler
                0x00000000080020e4       0x48 ./Core/Startup/startup_stm32f103c8tx.o
                0x00000000080020e4                Reset_Handler
 .text.Default_Handler
                0x000000000800212c        0x2 ./Core/Startup/startup_stm32f103c8tx.o
                0x000000000800212c                RTC_Alarm_IRQHandler
                0x000000000800212c                EXTI2_IRQHandler
                0x000000000800212c                TIM1_CC_IRQHandler
                0x000000000800212c                PVD_IRQHandler
                0x000000000800212c                EXTI3_IRQHandler
                0x000000000800212c                EXTI0_IRQHandler
                0x000000000800212c                I2C2_EV_IRQHandler
                0x000000000800212c                ADC1_2_IRQHandler
                0x000000000800212c                SPI1_IRQHandler
                0x000000000800212c                TAMPER_IRQHandler
                0x000000000800212c                DMA1_Channel4_IRQHandler
                0x000000000800212c                USART3_IRQHandler
                0x000000000800212c                RTC_IRQHandler
                0x000000000800212c                DMA1_Channel7_IRQHandler
                0x000000000800212c                CAN1_RX1_IRQHandler
                0x000000000800212c                TIM4_IRQHandler
                0x000000000800212c                I2C1_EV_IRQHandler
                0x000000000800212c                DMA1_Channel6_IRQHandler
                0x000000000800212c                TIM3_IRQHandler
                0x000000000800212c                RCC_IRQHandler
                0x000000000800212c                TIM1_TRG_COM_IRQHandler
                0x000000000800212c                DMA1_Channel1_IRQHandler
                0x000000000800212c                Default_Handler
                0x000000000800212c                EXTI15_10_IRQHandler
                0x000000000800212c                EXTI9_5_IRQHandler
                0x000000000800212c                SPI2_IRQHandler
                0x000000000800212c                DMA1_Channel5_IRQHandler
                0x000000000800212c                EXTI4_IRQHandler
                0x000000000800212c                USB_LP_CAN1_RX0_IRQHandler
                0x000000000800212c                USB_HP_CAN1_TX_IRQHandler
                0x000000000800212c                DMA1_Channel3_IRQHandler
                0x000000000800212c                TIM1_UP_IRQHandler
                0x000000000800212c                WWDG_IRQHandler
                0x000000000800212c                TIM2_IRQHandler
                0x000000000800212c                TIM1_BRK_IRQHandler
                0x000000000800212c                EXTI1_IRQHandler
                0x000000000800212c                I2C2_ER_IRQHandler
                0x000000000800212c                DMA1_Channel2_IRQHandler
                0x000000000800212c                CAN1_SCE_IRQHandler
                0x000000000800212c                FLASH_IRQHandler
                0x000000000800212c                USART1_IRQHandler
                0x000000000800212c                I2C1_ER_IRQHandler
                0x000000000800212c                USBWakeUp_IRQHandler
 *fill*         0x000000000800212e        0x2 
 .text.HAL_Init
                0x0000000008002130       0x2c ./Drivers/STM32F1xx_HAL_Driver/Src/stm32f1xx_hal.o
                0x0000000008002130                HAL_Init
 .text.HAL_InitTick
                0x000000000800215c       0x60 ./Drivers/STM32F1xx_HAL_Driver/Src/stm32f1xx_hal.o
                0x000000000800215c                HAL_InitTick
 .text.HAL_IncTick
                0x00000000080021bc       0x24 ./Drivers/STM32F1xx_HAL_Driver/Src/stm32f1xx_hal.o
                0x00000000080021bc                HAL_IncTick
 .text.HAL_GetTick
                0x00000000080021e0       0x14 ./Drivers/STM32F1xx_HAL_Driver/Src/stm32f1xx_hal.o
                0x00000000080021e0                HAL_GetTick
 .text.HAL_Delay
                0x00000000080021f4       0x48 ./Drivers/STM32F1xx_HAL_Driver/Src/stm32f1xx_hal.o
                0x00000000080021f4                HAL_Delay
 .text.__NVIC_SetPriorityGrouping
                0x000000000800223c       0x48 ./Drivers/STM32F1xx_HAL_Driver/Src/stm32f1xx_hal_cortex.o
 .text.__NVIC_GetPriorityGrouping
                0x0000000008002284       0x1c ./Drivers/STM32F1xx_HAL_Driver/Src/stm32f1xx_hal_cortex.o
 .text.__NVIC_EnableIRQ
                0x00000000080022a0       0x38 ./Drivers/STM32F1xx_HAL_Driver/Src/stm32f1xx_hal_cortex.o
 .text.__NVIC_SetPriority
                0x00000000080022d8       0x54 ./Drivers/STM32F1xx_HAL_Driver/Src/stm32f1xx_hal_cortex.o
 .text.NVIC_EncodePriority
                0x000000000800232c       0x64 ./Drivers/STM32F1xx_HAL_Driver/Src/stm32f1xx_hal_cortex.o
 .text.SysTick_Config
                0x0000000008002390       0x44 ./Drivers/STM32F1xx_HAL_Driver/Src/stm32f1xx_hal_cortex.o
 .text.HAL_NVIC_SetPriorityGrouping
                0x00000000080023d4       0x16 ./Drivers/STM32F1xx_HAL_Driver/Src/stm32f1xx_hal_cortex.o
                0x00000000080023d4                HAL_NVIC_SetPriorityGrouping
 .text.HAL_NVIC_SetPriority
                0x00000000080023ea       0x38 ./Drivers/STM32F1xx_HAL_Driver/Src/stm32f1xx_hal_cortex.o
                0x00000000080023ea                HAL_NVIC_SetPriority
 .text.HAL_NVIC_EnableIRQ
                0x0000000008002422       0x1c ./Drivers/STM32F1xx_HAL_Driver/Src/stm32f1xx_hal_cortex.o
                0x0000000008002422                HAL_NVIC_EnableIRQ
 .text.HAL_SYSTICK_Config
                0x000000000800243e       0x18 ./Drivers/STM32F1xx_HAL_Driver/Src/stm32f1xx_hal_cortex.o
                0x000000000800243e                HAL_SYSTICK_Config
 .text.HAL_DMA_Abort
                0x0000000008002456       0x76 ./Drivers/STM32F1xx_HAL_Driver/Src/stm32f1xx_hal_dma.o
                0x0000000008002456                HAL_DMA_Abort
 .text.HAL_DMA_Abort_IT
                0x00000000080024cc       0xf0 ./Drivers/STM32F1xx_HAL_Driver/Src/stm32f1xx_hal_dma.o
                0x00000000080024cc                HAL_DMA_Abort_IT
 .text.HAL_FLASH_Program
                0x00000000080025bc       0xe0 ./Drivers/STM32F1xx_HAL_Driver/Src/stm32f1xx_hal_flash.o
                0x00000000080025bc                HAL_FLASH_Program
 .text.HAL_FLASH_Unlock
                0x000000000800269c       0x4c ./Drivers/STM32F1xx_HAL_Driver/Src/stm32f1xx_hal_flash.o
                0x000000000800269c                HAL_FLASH_Unlock
 .text.HAL_FLASH_Lock
                0x00000000080026e8       0x20 ./Drivers/STM32F1xx_HAL_Driver/Src/stm32f1xx_hal_flash.o
                0x00000000080026e8                HAL_FLASH_Lock
 .text.FLASH_Program_HalfWord
                0x0000000008002708       0x38 ./Drivers/STM32F1xx_HAL_Driver/Src/stm32f1xx_hal_flash.o
 .text.FLASH_WaitForLastOperation
                0x0000000008002740       0x8c ./Drivers/STM32F1xx_HAL_Driver/Src/stm32f1xx_hal_flash.o
                0x0000000008002740                FLASH_WaitForLastOperation
 .text.FLASH_SetErrorCode
                0x00000000080027cc       0xa0 ./Drivers/STM32F1xx_HAL_Driver/Src/stm32f1xx_hal_flash.o
 .text.HAL_FLASHEx_Erase
                0x000000000800286c       0xd8 ./Drivers/STM32F1xx_HAL_Driver/Src/stm32f1xx_hal_flash_ex.o
                0x000000000800286c                HAL_FLASHEx_Erase
 .text.FLASH_MassErase
                0x0000000008002944       0x38 ./Drivers/STM32F1xx_HAL_Driver/Src/stm32f1xx_hal_flash_ex.o
 .text.FLASH_PageErase
                0x000000000800297c       0x40 ./Drivers/STM32F1xx_HAL_Driver/Src/stm32f1xx_hal_flash_ex.o
                0x000000000800297c                FLASH_PageErase
 .text.HAL_GPIO_Init
                0x00000000080029bc      0x308 ./Drivers/STM32F1xx_HAL_Driver/Src/stm32f1xx_hal_gpio.o
                0x00000000080029bc                HAL_GPIO_Init
 .text.HAL_GPIO_WritePin
                0x0000000008002cc4       0x30 ./Drivers/STM32F1xx_HAL_Driver/Src/stm32f1xx_hal_gpio.o
                0x0000000008002cc4                HAL_GPIO_WritePin
 .text.HAL_GPIO_TogglePin
                0x0000000008002cf4       0x32 ./Drivers/STM32F1xx_HAL_Driver/Src/stm32f1xx_hal_gpio.o
                0x0000000008002cf4                HAL_GPIO_TogglePin
 *fill*         0x0000000008002d26        0x2 
 .text.HAL_I2C_Init
                0x0000000008002d28      0x288 ./Drivers/STM32F1xx_HAL_Driver/Src/stm32f1xx_hal_i2c.o
                0x0000000008002d28                HAL_I2C_Init
 .text.HAL_I2C_Master_Transmit
                0x0000000008002fb0      0x1fc ./Drivers/STM32F1xx_HAL_Driver/Src/stm32f1xx_hal_i2c.o
                0x0000000008002fb0                HAL_I2C_Master_Transmit
 .text.HAL_I2C_Master_Receive
                0x00000000080031ac      0x4d8 ./Drivers/STM32F1xx_HAL_Driver/Src/stm32f1xx_hal_i2c.o
                0x00000000080031ac                HAL_I2C_Master_Receive
 .text.HAL_I2C_IsDeviceReady
                0x0000000008003684      0x25c ./Drivers/STM32F1xx_HAL_Driver/Src/stm32f1xx_hal_i2c.o
                0x0000000008003684                HAL_I2C_IsDeviceReady
 .text.I2C_MasterRequestWrite
                0x00000000080038e0      0x104 ./Drivers/STM32F1xx_HAL_Driver/Src/stm32f1xx_hal_i2c.o
 .text.I2C_MasterRequestRead
                0x00000000080039e4      0x19c ./Drivers/STM32F1xx_HAL_Driver/Src/stm32f1xx_hal_i2c.o
 .text.I2C_WaitOnFlagUntilTimeout
                0x0000000008003b80       0xf4 ./Drivers/STM32F1xx_HAL_Driver/Src/stm32f1xx_hal_i2c.o
 .text.I2C_WaitOnMasterAddressFlagUntilTimeout
                0x0000000008003c74      0x140 ./Drivers/STM32F1xx_HAL_Driver/Src/stm32f1xx_hal_i2c.o
 .text.I2C_WaitOnTXEFlagUntilTimeout
                0x0000000008003db4       0x90 ./Drivers/STM32F1xx_HAL_Driver/Src/stm32f1xx_hal_i2c.o
 .text.I2C_WaitOnBTFFlagUntilTimeout
                0x0000000008003e44       0x90 ./Drivers/STM32F1xx_HAL_Driver/Src/stm32f1xx_hal_i2c.o
 .text.I2C_WaitOnRXNEFlagUntilTimeout
                0x0000000008003ed4       0xba ./Drivers/STM32F1xx_HAL_Driver/Src/stm32f1xx_hal_i2c.o
 .text.I2C_IsAcknowledgeFailed
                0x0000000008003f8e       0x5c ./Drivers/STM32F1xx_HAL_Driver/Src/stm32f1xx_hal_i2c.o
 *fill*         0x0000000008003fea        0x2 
 .text.HAL_RCC_OscConfig
                0x0000000008003fec      0x504 ./Drivers/STM32F1xx_HAL_Driver/Src/stm32f1xx_hal_rcc.o
                0x0000000008003fec                HAL_RCC_OscConfig
 .text.HAL_RCC_ClockConfig
                0x00000000080044f0      0x1d4 ./Drivers/STM32F1xx_HAL_Driver/Src/stm32f1xx_hal_rcc.o
                0x00000000080044f0                HAL_RCC_ClockConfig
 .text.HAL_RCC_GetSysClockFreq
                0x00000000080046c4       0xa8 ./Drivers/STM32F1xx_HAL_Driver/Src/stm32f1xx_hal_rcc.o
                0x00000000080046c4                HAL_RCC_GetSysClockFreq
 .text.HAL_RCC_GetHCLKFreq
                0x000000000800476c       0x14 ./Drivers/STM32F1xx_HAL_Driver/Src/stm32f1xx_hal_rcc.o
                0x000000000800476c                HAL_RCC_GetHCLKFreq
 .text.HAL_RCC_GetPCLK1Freq
                0x0000000008004780       0x28 ./Drivers/STM32F1xx_HAL_Driver/Src/stm32f1xx_hal_rcc.o
                0x0000000008004780                HAL_RCC_GetPCLK1Freq
 .text.HAL_RCC_GetPCLK2Freq
                0x00000000080047a8       0x28 ./Drivers/STM32F1xx_HAL_Driver/Src/stm32f1xx_hal_rcc.o
                0x00000000080047a8                HAL_RCC_GetPCLK2Freq
 .text.RCC_Delay
                0x00000000080047d0       0x3c ./Drivers/STM32F1xx_HAL_Driver/Src/stm32f1xx_hal_rcc.o
 .text.HAL_SPI_Init
                0x000000000800480c      0x108 ./Drivers/STM32F1xx_HAL_Driver/Src/stm32f1xx_hal_spi.o
                0x000000000800480c                HAL_SPI_Init
 .text.HAL_SPI_Transmit
                0x0000000008004914      0x286 ./Drivers/STM32F1xx_HAL_Driver/Src/stm32f1xx_hal_spi.o
                0x0000000008004914                HAL_SPI_Transmit
 .text.HAL_SPI_Receive
                0x0000000008004b9a      0x230 ./Drivers/STM32F1xx_HAL_Driver/Src/stm32f1xx_hal_spi.o
                0x0000000008004b9a                HAL_SPI_Receive
 .text.HAL_SPI_TransmitReceive
                0x0000000008004dca      0x360 ./Drivers/STM32F1xx_HAL_Driver/Src/stm32f1xx_hal_spi.o
                0x0000000008004dca                HAL_SPI_TransmitReceive
 *fill*         0x000000000800512a        0x2 
 .text.SPI_WaitFlagStateUntilTimeout
                0x000000000800512c      0x110 ./Drivers/STM32F1xx_HAL_Driver/Src/stm32f1xx_hal_spi.o
 .text.SPI_EndRxTransaction
                0x000000000800523c       0xa4 ./Drivers/STM32F1xx_HAL_Driver/Src/stm32f1xx_hal_spi.o
 .text.SPI_EndRxTxTransaction
                0x00000000080052e0       0x3c ./Drivers/STM32F1xx_HAL_Driver/Src/stm32f1xx_hal_spi.o
 .text.HAL_UART_Init
                0x000000000800531c       0xa0 ./Drivers/STM32F1xx_HAL_Driver/Src/stm32f1xx_hal_uart.o
                0x000000000800531c                HAL_UART_Init
 .text.HAL_UART_Transmit
                0x00000000080053bc      0x106 ./Drivers/STM32F1xx_HAL_Driver/Src/stm32f1xx_hal_uart.o
                0x00000000080053bc                HAL_UART_Transmit
 .text.HAL_UART_Receive_IT
                0x00000000080054c2       0x4a ./Drivers/STM32F1xx_HAL_Driver/Src/stm32f1xx_hal_uart.o
                0x00000000080054c2                HAL_UART_Receive_IT
 .text.HAL_UART_IRQHandler
                0x000000000800550c      0x524 ./Drivers/STM32F1xx_HAL_Driver/Src/stm32f1xx_hal_uart.o
                0x000000000800550c                HAL_UART_IRQHandler
 .text.HAL_UART_TxCpltCallback
                0x0000000008005a30       0x12 ./Drivers/STM32F1xx_HAL_Driver/Src/stm32f1xx_hal_uart.o
                0x0000000008005a30                HAL_UART_TxCpltCallback
 .text.HAL_UART_ErrorCallback
                0x0000000008005a42       0x12 ./Drivers/STM32F1xx_HAL_Driver/Src/stm32f1xx_hal_uart.o
                0x0000000008005a42                HAL_UART_ErrorCallback
 .text.HAL_UARTEx_RxEventCallback
                0x0000000008005a54       0x16 ./Drivers/STM32F1xx_HAL_Driver/Src/stm32f1xx_hal_uart.o
                0x0000000008005a54                HAL_UARTEx_RxEventCallback
 .text.UART_WaitOnFlagUntilTimeout
                0x0000000008005a6a       0xdc ./Drivers/STM32F1xx_HAL_Driver/Src/stm32f1xx_hal_uart.o
 .text.UART_Start_Receive_IT
                0x0000000008005b46       0x72 ./Drivers/STM32F1xx_HAL_Driver/Src/stm32f1xx_hal_uart.o
                0x0000000008005b46                UART_Start_Receive_IT
 .text.UART_EndRxTransfer
                0x0000000008005bb8       0xc4 ./Drivers/STM32F1xx_HAL_Driver/Src/stm32f1xx_hal_uart.o
 .text.UART_DMAAbortOnError
                0x0000000008005c7c       0x28 ./Drivers/STM32F1xx_HAL_Driver/Src/stm32f1xx_hal_uart.o
 .text.UART_Transmit_IT
                0x0000000008005ca4       0x9e ./Drivers/STM32F1xx_HAL_Driver/Src/stm32f1xx_hal_uart.o
 .text.UART_EndTransmit_IT
                0x0000000008005d42       0x30 ./Drivers/STM32F1xx_HAL_Driver/Src/stm32f1xx_hal_uart.o
 .text.UART_Receive_IT
                0x0000000008005d72      0x17c ./Drivers/STM32F1xx_HAL_Driver/Src/stm32f1xx_hal_uart.o
 *fill*         0x0000000008005eee        0x2 
 .text.UART_SetConfig
                0x0000000008005ef0      0x11c ./Drivers/STM32F1xx_HAL_Driver/Src/stm32f1xx_hal_uart.o
 .text.sprintf  0x000000000800600c       0x40 C:/ST/STM32CubeIDE_1.11.0/STM32CubeIDE/plugins/com.st.stm32cube.ide.mcu.externaltools.gnu-tools-for-stm32.11.3.rel1.win32_1.1.100.202309141235/tools/bin/../lib/gcc/arm-none-eabi/11.3.1/../../../../arm-none-eabi/lib/thumb/v7-m/nofp\libc_nano.a(libc_a-sprintf.o)
                0x000000000800600c                siprintf
                0x000000000800600c                sprintf
 .text.memcmp   0x000000000800604c       0x20 C:/ST/STM32CubeIDE_1.11.0/STM32CubeIDE/plugins/com.st.stm32cube.ide.mcu.externaltools.gnu-tools-for-stm32.11.3.rel1.win32_1.1.100.202309141235/tools/bin/../lib/gcc/arm-none-eabi/11.3.1/../../../../arm-none-eabi/lib/thumb/v7-m/nofp\libc_nano.a(libc_a-memcmp.o)
                0x000000000800604c                memcmp
 .text.memset   0x000000000800606c       0x10 C:/ST/STM32CubeIDE_1.11.0/STM32CubeIDE/plugins/com.st.stm32cube.ide.mcu.externaltools.gnu-tools-for-stm32.11.3.rel1.win32_1.1.100.202309141235/tools/bin/../lib/gcc/arm-none-eabi/11.3.1/../../../../arm-none-eabi/lib/thumb/v7-m/nofp\libc_nano.a(libc_a-memset.o)
                0x000000000800606c                memset
 .text.strncmp  0x000000000800607c       0x24 C:/ST/STM32CubeIDE_1.11.0/STM32CubeIDE/plugins/com.st.stm32cube.ide.mcu.externaltools.gnu-tools-for-stm32.11.3.rel1.win32_1.1.100.202309141235/tools/bin/../lib/gcc/arm-none-eabi/11.3.1/../../../../arm-none-eabi/lib/thumb/v7-m/nofp\libc_nano.a(libc_a-strncmp.o)
                0x000000000800607c                strncmp
 .text.__errno  0x00000000080060a0        0xc C:/ST/STM32CubeIDE_1.11.0/STM32CubeIDE/plugins/com.st.stm32cube.ide.mcu.externaltools.gnu-tools-for-stm32.11.3.rel1.win32_1.1.100.202309141235/tools/bin/../lib/gcc/arm-none-eabi/11.3.1/../../../../arm-none-eabi/lib/thumb/v7-m/nofp\libc_nano.a(libc_a-errno.o)
                0x00000000080060a0                __errno
 .text.__libc_init_array
                0x00000000080060ac       0x48 C:/ST/STM32CubeIDE_1.11.0/STM32CubeIDE/plugins/com.st.stm32cube.ide.mcu.externaltools.gnu-tools-for-stm32.11.3.rel1.win32_1.1.100.202309141235/tools/bin/../lib/gcc/arm-none-eabi/11.3.1/../../../../arm-none-eabi/lib/thumb/v7-m/nofp\libc_nano.a(libc_a-init.o)
                0x00000000080060ac                __libc_init_array
 .text.__retarget_lock_acquire_recursive
                0x00000000080060f4        0x2 C:/ST/STM32CubeIDE_1.11.0/STM32CubeIDE/plugins/com.st.stm32cube.ide.mcu.externaltools.gnu-tools-for-stm32.11.3.rel1.win32_1.1.100.202309141235/tools/bin/../lib/gcc/arm-none-eabi/11.3.1/../../../../arm-none-eabi/lib/thumb/v7-m/nofp\libc_nano.a(libc_a-lock.o)
                0x00000000080060f4                __retarget_lock_acquire_recursive
 .text.__retarget_lock_release_recursive
                0x00000000080060f6        0x2 C:/ST/STM32CubeIDE_1.11.0/STM32CubeIDE/plugins/com.st.stm32cube.ide.mcu.externaltools.gnu-tools-for-stm32.11.3.rel1.win32_1.1.100.202309141235/tools/bin/../lib/gcc/arm-none-eabi/11.3.1/../../../../arm-none-eabi/lib/thumb/v7-m/nofp\libc_nano.a(libc_a-lock.o)
                0x00000000080060f6                __retarget_lock_release_recursive
 .text.memcpy   0x00000000080060f8       0x1c C:/ST/STM32CubeIDE_1.11.0/STM32CubeIDE/plugins/com.st.stm32cube.ide.mcu.externaltools.gnu-tools-for-stm32.11.3.rel1.win32_1.1.100.202309141235/tools/bin/../lib/gcc/arm-none-eabi/11.3.1/../../../../arm-none-eabi/lib/thumb/v7-m/nofp\libc_nano.a(libc_a-memcpy-stub.o)
                0x00000000080060f8                memcpy
 .text._free_r  0x0000000008006114       0x90 C:/ST/STM32CubeIDE_1.11.0/STM32CubeIDE/plugins/com.st.stm32cube.ide.mcu.externaltools.gnu-tools-for-stm32.11.3.rel1.win32_1.1.100.202309141235/tools/bin/../lib/gcc/arm-none-eabi/11.3.1/../../../../arm-none-eabi/lib/thumb/v7-m/nofp\libc_nano.a(libc_a-freer.o)
                0x0000000008006114                _free_r
 .text.sbrk_aligned
                0x00000000080061a4       0x40 C:/ST/STM32CubeIDE_1.11.0/STM32CubeIDE/plugins/com.st.stm32cube.ide.mcu.externaltools.gnu-tools-for-stm32.11.3.rel1.win32_1.1.100.202309141235/tools/bin/../lib/gcc/arm-none-eabi/11.3.1/../../../../arm-none-eabi/lib/thumb/v7-m/nofp\libc_nano.a(libc_a-mallocr.o)
 .text._malloc_r
                0x00000000080061e4      0x100 C:/ST/STM32CubeIDE_1.11.0/STM32CubeIDE/plugins/com.st.stm32cube.ide.mcu.externaltools.gnu-tools-for-stm32.11.3.rel1.win32_1.1.100.202309141235/tools/bin/../lib/gcc/arm-none-eabi/11.3.1/../../../../arm-none-eabi/lib/thumb/v7-m/nofp\libc_nano.a(libc_a-mallocr.o)
                0x00000000080061e4                _malloc_r
 .text.__malloc_lock
                0x00000000080062e4        0xc C:/ST/STM32CubeIDE_1.11.0/STM32CubeIDE/plugins/com.st.stm32cube.ide.mcu.externaltools.gnu-tools-for-stm32.11.3.rel1.win32_1.1.100.202309141235/tools/bin/../lib/gcc/arm-none-eabi/11.3.1/../../../../arm-none-eabi/lib/thumb/v7-m/nofp\libc_nano.a(libc_a-mlock.o)
                0x00000000080062e4                __malloc_lock
 .text.__malloc_unlock
                0x00000000080062f0        0xc C:/ST/STM32CubeIDE_1.11.0/STM32CubeIDE/plugins/com.st.stm32cube.ide.mcu.externaltools.gnu-tools-for-stm32.11.3.rel1.win32_1.1.100.202309141235/tools/bin/../lib/gcc/arm-none-eabi/11.3.1/../../../../arm-none-eabi/lib/thumb/v7-m/nofp\libc_nano.a(libc_a-mlock.o)
                0x00000000080062f0                __malloc_unlock
 .text.__ssputs_r
                0x00000000080062fc       0xb4 C:/ST/STM32CubeIDE_1.11.0/STM32CubeIDE/plugins/com.st.stm32cube.ide.mcu.externaltools.gnu-tools-for-stm32.11.3.rel1.win32_1.1.100.202309141235/tools/bin/../lib/gcc/arm-none-eabi/11.3.1/../../../../arm-none-eabi/lib/thumb/v7-m/nofp\libc_nano.a(libc_a-nano-svfprintf.o)
                0x00000000080062fc                __ssputs_r
 .text._svfprintf_r
                0x00000000080063b0      0x1fc C:/ST/STM32CubeIDE_1.11.0/STM32CubeIDE/plugins/com.st.stm32cube.ide.mcu.externaltools.gnu-tools-for-stm32.11.3.rel1.win32_1.1.100.202309141235/tools/bin/../lib/gcc/arm-none-eabi/11.3.1/../../../../arm-none-eabi/lib/thumb/v7-m/nofp\libc_nano.a(libc_a-nano-svfprintf.o)
                0x00000000080063b0                _svfiprintf_r
                0x00000000080063b0                _svfprintf_r
 .text._printf_common
                0x00000000080065ac       0xe4 C:/ST/STM32CubeIDE_1.11.0/STM32CubeIDE/plugins/com.st.stm32cube.ide.mcu.externaltools.gnu-tools-for-stm32.11.3.rel1.win32_1.1.100.202309141235/tools/bin/../lib/gcc/arm-none-eabi/11.3.1/../../../../arm-none-eabi/lib/thumb/v7-m/nofp\libc_nano.a(libc_a-nano-vfprintf_i.o)
                0x00000000080065ac                _printf_common
 .text._printf_i
                0x0000000008006690      0x244 C:/ST/STM32CubeIDE_1.11.0/STM32CubeIDE/plugins/com.st.stm32cube.ide.mcu.externaltools.gnu-tools-for-stm32.11.3.rel1.win32_1.1.100.202309141235/tools/bin/../lib/gcc/arm-none-eabi/11.3.1/../../../../arm-none-eabi/lib/thumb/v7-m/nofp\libc_nano.a(libc_a-nano-vfprintf_i.o)
                0x0000000008006690                _printf_i
 .text.memmove  0x00000000080068d4       0x34 C:/ST/STM32CubeIDE_1.11.0/STM32CubeIDE/plugins/com.st.stm32cube.ide.mcu.externaltools.gnu-tools-for-stm32.11.3.rel1.win32_1.1.100.202309141235/tools/bin/../lib/gcc/arm-none-eabi/11.3.1/../../../../arm-none-eabi/lib/thumb/v7-m/nofp\libc_nano.a(libc_a-memmove.o)
                0x00000000080068d4                memmove
 .text._sbrk_r  0x0000000008006908       0x20 C:/ST/STM32CubeIDE_1.11.0/STM32CubeIDE/plugins/com.st.stm32cube.ide.mcu.externaltools.gnu-tools-for-stm32.11.3.rel1.win32_1.1.100.202309141235/tools/bin/../lib/gcc/arm-none-eabi/11.3.1/../../../../arm-none-eabi/lib/thumb/v7-m/nofp\libc_nano.a(libc_a-sbrkr.o)
                0x0000000008006908                _sbrk_r
 .text.memchr   0x0000000008006928       0x1c C:/ST/STM32CubeIDE_1.11.0/STM32CubeIDE/plugins/com.st.stm32cube.ide.mcu.externaltools.gnu-tools-for-stm32.11.3.rel1.win32_1.1.100.202309141235/tools/bin/../lib/gcc/arm-none-eabi/11.3.1/../../../../arm-none-eabi/lib/thumb/v7-m/nofp\libc_nano.a(libc_a-memchr-stub.o)
                0x0000000008006928                memchr
 .text._realloc_r
                0x0000000008006944       0x5e C:/ST/STM32CubeIDE_1.11.0/STM32CubeIDE/plugins/com.st.stm32cube.ide.mcu.externaltools.gnu-tools-for-stm32.11.3.rel1.win32_1.1.100.202309141235/tools/bin/../lib/gcc/arm-none-eabi/11.3.1/../../../../arm-none-eabi/lib/thumb/v7-m/nofp\libc_nano.a(libc_a-reallocr.o)
                0x0000000008006944                _realloc_r
 .text._malloc_usable_size_r
                0x00000000080069a2       0x10 C:/ST/STM32CubeIDE_1.11.0/STM32CubeIDE/plugins/com.st.stm32cube.ide.mcu.externaltools.gnu-tools-for-stm32.11.3.rel1.win32_1.1.100.202309141235/tools/bin/../lib/gcc/arm-none-eabi/11.3.1/../../../../arm-none-eabi/lib/thumb/v7-m/nofp\libc_nano.a(libc_a-msizer.o)
                0x00000000080069a2                _malloc_usable_size_r
 *(.glue_7)
 .glue_7        0x00000000080069b2        0x0 linker stubs
 *(.glue_7t)
 .glue_7t       0x00000000080069b2        0x0 linker stubs
 *(.eh_frame)
 *fill*         0x00000000080069b2        0x2 
 .eh_frame      0x00000000080069b4        0x0 C:/ST/STM32CubeIDE_1.11.0/STM32CubeIDE/plugins/com.st.stm32cube.ide.mcu.externaltools.gnu-tools-for-stm32.11.3.rel1.win32_1.1.100.202309141235/tools/bin/../lib/gcc/arm-none-eabi/11.3.1/thumb/v7-m/nofp/crtbegin.o
 *(.init)
 .init          0x00000000080069b4        0x4 C:/ST/STM32CubeIDE_1.11.0/STM32CubeIDE/plugins/com.st.stm32cube.ide.mcu.externaltools.gnu-tools-for-stm32.11.3.rel1.win32_1.1.100.202309141235/tools/bin/../lib/gcc/arm-none-eabi/11.3.1/thumb/v7-m/nofp/crti.o
                0x00000000080069b4                _init
 .init          0x00000000080069b8        0x8 C:/ST/STM32CubeIDE_1.11.0/STM32CubeIDE/plugins/com.st.stm32cube.ide.mcu.externaltools.gnu-tools-for-stm32.11.3.rel1.win32_1.1.100.202309141235/tools/bin/../lib/gcc/arm-none-eabi/11.3.1/thumb/v7-m/nofp/crtn.o
 *(.fini)
 .fini          0x00000000080069c0        0x4 C:/ST/STM32CubeIDE_1.11.0/STM32CubeIDE/plugins/com.st.stm32cube.ide.mcu.externaltools.gnu-tools-for-stm32.11.3.rel1.win32_1.1.100.202309141235/tools/bin/../lib/gcc/arm-none-eabi/11.3.1/thumb/v7-m/nofp/crti.o
                0x00000000080069c0                _fini
 .fini          0x00000000080069c4        0x8 C:/ST/STM32CubeIDE_1.11.0/STM32CubeIDE/plugins/com.st.stm32cube.ide.mcu.externaltools.gnu-tools-for-stm32.11.3.rel1.win32_1.1.100.202309141235/tools/bin/../lib/gcc/arm-none-eabi/11.3.1/thumb/v7-m/nofp/crtn.o
                0x00000000080069cc                . = ALIGN (0x4)
                0x00000000080069cc                _etext = .

.vfp11_veneer   0x00000000080069cc        0x0
 .vfp11_veneer  0x00000000080069cc        0x0 linker stubs

.v4_bx          0x00000000080069cc        0x0
 .v4_bx         0x00000000080069cc        0x0 linker stubs

.iplt           0x00000000080069cc        0x0
 .iplt          0x00000000080069cc        0x0 C:/ST/STM32CubeIDE_1.11.0/STM32CubeIDE/plugins/com.st.stm32cube.ide.mcu.externaltools.gnu-tools-for-stm32.11.3.rel1.win32_1.1.100.202309141235/tools/bin/../lib/gcc/arm-none-eabi/11.3.1/thumb/v7-m/nofp/crtbegin.o

.rodata         0x00000000080069cc      0x7bc
                0x00000000080069cc                . = ALIGN (0x4)
 *(.rodata)
 .rodata        0x00000000080069cc      0x541 ./Core/Src/MY_NRF24.o
 *fill*         0x0000000008006f0d        0x3 
 .rodata        0x0000000008006f10       0x86 ./Core/Src/main.o
 *fill*         0x0000000008006f96        0x2 
 .rodata        0x0000000008006f98       0x4f ./Core/Src/nrf_helper.o
 *fill*         0x0000000008006fe7        0x1 
 .rodata        0x0000000008006fe8      0x12f ./Core/Src/utility.o
 *(.rodata*)
 *fill*         0x0000000008007117        0x1 
 .rodata.NRF24_ADDR_REGS
                0x0000000008007118        0x7 ./Core/Src/MY_NRF24.o
 *fill*         0x000000000800711f        0x1 
 .rodata.RF24_RX_PW_PIPE
                0x0000000008007120        0x6 ./Core/Src/MY_NRF24.o
 *fill*         0x0000000008007126        0x2 
 .rodata.AHBPrescTable
                0x0000000008007128       0x10 ./Core/Src/system_stm32f1xx.o
                0x0000000008007128                AHBPrescTable
 .rodata.APBPrescTable
                0x0000000008007138        0x8 ./Core/Src/system_stm32f1xx.o
                0x0000000008007138                APBPrescTable
 .rodata.aPLLMULFactorTable.1
                0x0000000008007140       0x10 ./Drivers/STM32F1xx_HAL_Driver/Src/stm32f1xx_hal_rcc.o
 .rodata.aPredivFactorTable.0
                0x0000000008007150        0x2 ./Drivers/STM32F1xx_HAL_Driver/Src/stm32f1xx_hal_rcc.o
 .rodata._svfprintf_r.str1.1
                0x0000000008007152       0x11 C:/ST/STM32CubeIDE_1.11.0/STM32CubeIDE/plugins/com.st.stm32cube.ide.mcu.externaltools.gnu-tools-for-stm32.11.3.rel1.win32_1.1.100.202309141235/tools/bin/../lib/gcc/arm-none-eabi/11.3.1/../../../../arm-none-eabi/lib/thumb/v7-m/nofp\libc_nano.a(libc_a-nano-svfprintf.o)
 .rodata._printf_i.str1.1
                0x0000000008007163       0x22 C:/ST/STM32CubeIDE_1.11.0/STM32CubeIDE/plugins/com.st.stm32cube.ide.mcu.externaltools.gnu-tools-for-stm32.11.3.rel1.win32_1.1.100.202309141235/tools/bin/../lib/gcc/arm-none-eabi/11.3.1/../../../../arm-none-eabi/lib/thumb/v7-m/nofp\libc_nano.a(libc_a-nano-vfprintf_i.o)
                0x0000000008007188                . = ALIGN (0x4)
 *fill*         0x0000000008007185        0x3 

.rel.dyn        0x0000000008007188        0x0
 .rel.iplt      0x0000000008007188        0x0 C:/ST/STM32CubeIDE_1.11.0/STM32CubeIDE/plugins/com.st.stm32cube.ide.mcu.externaltools.gnu-tools-for-stm32.11.3.rel1.win32_1.1.100.202309141235/tools/bin/../lib/gcc/arm-none-eabi/11.3.1/thumb/v7-m/nofp/crtbegin.o

.ARM.extab      0x0000000008007188        0x0
                0x0000000008007188                . = ALIGN (0x4)
 *(.ARM.extab* .gnu.linkonce.armextab.*)
                0x0000000008007188                . = ALIGN (0x4)

.ARM            0x0000000008007188        0x0
                0x0000000008007188                . = ALIGN (0x4)
                0x0000000008007188                __exidx_start = .
 *(.ARM.exidx*)
                0x0000000008007188                __exidx_end = .
                0x0000000008007188                . = ALIGN (0x4)

.preinit_array  0x0000000008007188        0x0
                0x0000000008007188                . = ALIGN (0x4)
                0x0000000008007188                PROVIDE (__preinit_array_start = .)
 *(.preinit_array*)
                0x0000000008007188                PROVIDE (__preinit_array_end = .)
                0x0000000008007188                . = ALIGN (0x4)

.init_array     0x0000000008007188        0x4
                0x0000000008007188                . = ALIGN (0x4)
                0x0000000008007188                PROVIDE (__init_array_start = .)
 *(SORT_BY_NAME(.init_array.*))
 *(.init_array*)
 .init_array    0x0000000008007188        0x4 C:/ST/STM32CubeIDE_1.11.0/STM32CubeIDE/plugins/com.st.stm32cube.ide.mcu.externaltools.gnu-tools-for-stm32.11.3.rel1.win32_1.1.100.202309141235/tools/bin/../lib/gcc/arm-none-eabi/11.3.1/thumb/v7-m/nofp/crtbegin.o
                0x000000000800718c                PROVIDE (__init_array_end = .)
                0x000000000800718c                . = ALIGN (0x4)

.fini_array     0x000000000800718c        0x4
                0x000000000800718c                . = ALIGN (0x4)
                [!provide]                        PROVIDE (__fini_array_start = .)
 *(SORT_BY_NAME(.fini_array.*))
 *(.fini_array*)
 .fini_array    0x000000000800718c        0x4 C:/ST/STM32CubeIDE_1.11.0/STM32CubeIDE/plugins/com.st.stm32cube.ide.mcu.externaltools.gnu-tools-for-stm32.11.3.rel1.win32_1.1.100.202309141235/tools/bin/../lib/gcc/arm-none-eabi/11.3.1/thumb/v7-m/nofp/crtbegin.o
                [!provide]                        PROVIDE (__fini_array_end = .)
                0x0000000008007190                . = ALIGN (0x4)
                0x0000000008007190                _sidata = LOADADDR (.data)

.data           0x0000000020000000       0x7c load address 0x0000000008007190
                0x0000000020000000                . = ALIGN (0x4)
                0x0000000020000000                _sdata = .
 *(.data)
 *(.data*)
 .data.DP_SENSOR_ADDR
                0x0000000020000000        0x1 ./Core/Src/ADP8XX_DP_SENSOR.o
                0x0000000020000000                DP_SENSOR_ADDR
 *fill*         0x0000000020000001        0x3 
 .data.i2c_RETRY_TIME
                0x0000000020000004        0x4 ./Core/Src/ADP8XX_DP_SENSOR.o
                0x0000000020000004                i2c_RETRY_TIME
 .data.My_Channel_Num
                0x0000000020000008        0x1 ./Core/Src/nrf_helper.o
                0x0000000020000008                My_Channel_Num
 *fill*         0x0000000020000009        0x7 
 .data.target_pipe_addr
                0x0000000020000010        0x8 ./Core/Src/nrf_helper.o
                0x0000000020000010                target_pipe_addr
 .data.target_channel_addr
                0x0000000020000018        0x1 ./Core/Src/nrf_helper.o
                0x0000000020000018                target_channel_addr
 *fill*         0x0000000020000019        0x3 
 .data.SystemCoreClock
                0x000000002000001c        0x4 ./Core/Src/system_stm32f1xx.o
                0x000000002000001c                SystemCoreClock
 .data.my_node_id
                0x0000000020000020        0x2 ./Core/Src/utility.o
                0x0000000020000020                my_node_id
 *fill*         0x0000000020000022        0x2 
 .data.uwTickPrio
                0x0000000020000024        0x4 ./Drivers/STM32F1xx_HAL_Driver/Src/stm32f1xx_hal.o
                0x0000000020000024                uwTickPrio
 .data.uwTickFreq
                0x0000000020000028        0x1 ./Drivers/STM32F1xx_HAL_Driver/Src/stm32f1xx_hal.o
                0x0000000020000028                uwTickFreq
 *fill*         0x0000000020000029        0x3 
 .data._impure_data
                0x000000002000002c       0x4c C:/ST/STM32CubeIDE_1.11.0/STM32CubeIDE/plugins/com.st.stm32cube.ide.mcu.externaltools.gnu-tools-for-stm32.11.3.rel1.win32_1.1.100.202309141235/tools/bin/../lib/gcc/arm-none-eabi/11.3.1/../../../../arm-none-eabi/lib/thumb/v7-m/nofp\libc_nano.a(libc_a-impure.o)
                0x000000002000002c                _impure_data
 .data._impure_ptr
                0x0000000020000078        0x4 C:/ST/STM32CubeIDE_1.11.0/STM32CubeIDE/plugins/com.st.stm32cube.ide.mcu.externaltools.gnu-tools-for-stm32.11.3.rel1.win32_1.1.100.202309141235/tools/bin/../lib/gcc/arm-none-eabi/11.3.1/../../../../arm-none-eabi/lib/thumb/v7-m/nofp\libc_nano.a(libc_a-impure.o)
                0x0000000020000078                _impure_ptr
 *(.RamFunc)
 *(.RamFunc*)
                0x000000002000007c                . = ALIGN (0x4)
                0x000000002000007c                _edata = .

.igot.plt       0x000000002000007c        0x0 load address 0x000000000800720c
 .igot.plt      0x000000002000007c        0x0 C:/ST/STM32CubeIDE_1.11.0/STM32CubeIDE/plugins/com.st.stm32cube.ide.mcu.externaltools.gnu-tools-for-stm32.11.3.rel1.win32_1.1.100.202309141235/tools/bin/../lib/gcc/arm-none-eabi/11.3.1/thumb/v7-m/nofp/crtbegin.o
                0x000000002000007c                . = ALIGN (0x4)

.bss            0x0000000020000080      0x370 load address 0x000000000800720c
                0x0000000020000080                _sbss = .
                0x0000000020000080                __bss_start__ = _sbss
 *(.bss)
 .bss           0x0000000020000080       0x1c C:/ST/STM32CubeIDE_1.11.0/STM32CubeIDE/plugins/com.st.stm32cube.ide.mcu.externaltools.gnu-tools-for-stm32.11.3.rel1.win32_1.1.100.202309141235/tools/bin/../lib/gcc/arm-none-eabi/11.3.1/thumb/v7-m/nofp/crtbegin.o
 *(.bss*)
 *fill*         0x000000002000009c        0x4 
 .bss.pipe0_reading_address
                0x00000000200000a0        0x8 ./Core/Src/MY_NRF24.o
 .bss.ack_payload_available
                0x00000000200000a8        0x1 ./Core/Src/MY_NRF24.o
 .bss.ack_payload_length
                0x00000000200000a9        0x1 ./Core/Src/MY_NRF24.o
 .bss.payload_size
                0x00000000200000aa        0x1 ./Core/Src/MY_NRF24.o
 .bss.dynamic_payloads_enabled
                0x00000000200000ab        0x1 ./Core/Src/MY_NRF24.o
 .bss.wide_band
                0x00000000200000ac        0x1 ./Core/Src/MY_NRF24.o
 *fill*         0x00000000200000ad        0x3 
 .bss.nrf24_PORT
                0x00000000200000b0        0x4 ./Core/Src/MY_NRF24.o
 .bss.nrf24_CSN_PIN
                0x00000000200000b4        0x2 ./Core/Src/MY_NRF24.o
 .bss.nrf24_CE_PIN
                0x00000000200000b6        0x2 ./Core/Src/MY_NRF24.o
 .bss.nrf24_hspi
                0x00000000200000b8       0x58 ./Core/Src/MY_NRF24.o
 .bss.nrf24_huart
                0x0000000020000110       0x48 ./Core/Src/MY_NRF24.o
 .bss.hi2c1     0x0000000020000158       0x54 ./Core/Src/main.o
                0x0000000020000158                hi2c1
 .bss.hspi1     0x00000000200001ac       0x58 ./Core/Src/main.o
                0x00000000200001ac                hspi1
 .bss.huart2    0x0000000020000204       0x48 ./Core/Src/main.o
                0x0000000020000204                huart2
 .bss.rx_buffer_pos
                0x000000002000024c        0x1 ./Core/Src/main.o
                0x000000002000024c                rx_buffer_pos
 *fill*         0x000000002000024d        0x3 
 .bss.rx_data   0x0000000020000250        0x2 ./Core/Src/main.o
                0x0000000020000250                rx_data
 *fill*         0x0000000020000252        0x2 
 .bss.received_data_from_UART
                0x0000000020000254       0x20 ./Core/Src/main.o
                0x0000000020000254                received_data_from_UART
 .bss.data_avlbl_from_UART_to_read
                0x0000000020000274        0x1 ./Core/Src/main.o
                0x0000000020000274                data_avlbl_from_UART_to_read
 *fill*         0x0000000020000275        0x3 
 .bss.My_Pipe_Address
                0x0000000020000278        0x8 ./Core/Src/nrf_helper.o
                0x0000000020000278                My_Pipe_Address
 .bss.__sbrk_heap_end
                0x0000000020000280        0x4 ./Core/Src/sysmem.o
 .bss.uwTick    0x0000000020000284        0x4 ./Drivers/STM32F1xx_HAL_Driver/Src/stm32f1xx_hal.o
                0x0000000020000284                uwTick
 .bss.pFlash    0x0000000020000288       0x20 ./Drivers/STM32F1xx_HAL_Driver/Src/stm32f1xx_hal_flash.o
                0x0000000020000288                pFlash
 .bss.__sf      0x00000000200002a8      0x138 C:/ST/STM32CubeIDE_1.11.0/STM32CubeIDE/plugins/com.st.stm32cube.ide.mcu.externaltools.gnu-tools-for-stm32.11.3.rel1.win32_1.1.100.202309141235/tools/bin/../lib/gcc/arm-none-eabi/11.3.1/../../../../arm-none-eabi/lib/thumb/v7-m/nofp\libc_nano.a(libc_a-findfp.o)
                0x00000000200002a8                __sf
 .bss.errno     0x00000000200003e0        0x4 C:/ST/STM32CubeIDE_1.11.0/STM32CubeIDE/plugins/com.st.stm32cube.ide.mcu.externaltools.gnu-tools-for-stm32.11.3.rel1.win32_1.1.100.202309141235/tools/bin/../lib/gcc/arm-none-eabi/11.3.1/../../../../arm-none-eabi/lib/thumb/v7-m/nofp\libc_nano.a(libc_a-reent.o)
                0x00000000200003e0                errno
 .bss.__lock___malloc_recursive_mutex
                0x00000000200003e4        0x1 C:/ST/STM32CubeIDE_1.11.0/STM32CubeIDE/plugins/com.st.stm32cube.ide.mcu.externaltools.gnu-tools-for-stm32.11.3.rel1.win32_1.1.100.202309141235/tools/bin/../lib/gcc/arm-none-eabi/11.3.1/../../../../arm-none-eabi/lib/thumb/v7-m/nofp\libc_nano.a(libc_a-lock.o)
                0x00000000200003e4                __lock___malloc_recursive_mutex
 *fill*         0x00000000200003e5        0x3 
 .bss.__malloc_free_list
                0x00000000200003e8        0x4 C:/ST/STM32CubeIDE_1.11.0/STM32CubeIDE/plugins/com.st.stm32cube.ide.mcu.externaltools.gnu-tools-for-stm32.11.3.rel1.win32_1.1.100.202309141235/tools/bin/../lib/gcc/arm-none-eabi/11.3.1/../../../../arm-none-eabi/lib/thumb/v7-m/nofp\libc_nano.a(libc_a-mallocr.o)
                0x00000000200003e8                __malloc_free_list
 .bss.__malloc_sbrk_start
                0x00000000200003ec        0x4 C:/ST/STM32CubeIDE_1.11.0/STM32CubeIDE/plugins/com.st.stm32cube.ide.mcu.externaltools.gnu-tools-for-stm32.11.3.rel1.win32_1.1.100.202309141235/tools/bin/../lib/gcc/arm-none-eabi/11.3.1/../../../../arm-none-eabi/lib/thumb/v7-m/nofp\libc_nano.a(libc_a-mallocr.o)
                0x00000000200003ec                __malloc_sbrk_start
 *(COMMON)
                0x00000000200003f0                . = ALIGN (0x4)
                0x00000000200003f0                _ebss = .
                0x00000000200003f0                __bss_end__ = _ebss

._user_heap_stack
                0x00000000200003f0      0x600 load address 0x000000000800720c
                0x00000000200003f0                . = ALIGN (0x8)
                [!provide]                        PROVIDE (end = .)
                0x00000000200003f0                PROVIDE (_end = .)
                0x00000000200005f0                . = (. + _Min_Heap_Size)
 *fill*         0x00000000200003f0      0x200 
                0x00000000200009f0                . = (. + _Min_Stack_Size)
 *fill*         0x00000000200005f0      0x400 
                0x00000000200009f0                . = ALIGN (0x8)

/DISCARD/
 libc.a(*)
 libm.a(*)
 libgcc.a(*)

.ARM.attributes
                0x0000000000000000       0x29
 *(.ARM.attributes)
 .ARM.attributes
                0x0000000000000000       0x1d C:/ST/STM32CubeIDE_1.11.0/STM32CubeIDE/plugins/com.st.stm32cube.ide.mcu.externaltools.gnu-tools-for-stm32.11.3.rel1.win32_1.1.100.202309141235/tools/bin/../lib/gcc/arm-none-eabi/11.3.1/thumb/v7-m/nofp/crti.o
 .ARM.attributes
                0x000000000000001d       0x2d C:/ST/STM32CubeIDE_1.11.0/STM32CubeIDE/plugins/com.st.stm32cube.ide.mcu.externaltools.gnu-tools-for-stm32.11.3.rel1.win32_1.1.100.202309141235/tools/bin/../lib/gcc/arm-none-eabi/11.3.1/thumb/v7-m/nofp/crtbegin.o
 .ARM.attributes
                0x000000000000004a       0x2d ./Core/Src/ADP8XX_DP_SENSOR.o
 .ARM.attributes
                0x0000000000000077       0x2d ./Core/Src/MY_NRF24.o
 .ARM.attributes
                0x00000000000000a4       0x2d ./Core/Src/ee.o
 .ARM.attributes
                0x00000000000000d1       0x2d ./Core/Src/main.o
 .ARM.attributes
                0x00000000000000fe       0x2d ./Core/Src/nrf_helper.o
 .ARM.attributes
                0x000000000000012b       0x2d ./Core/Src/stm32f1xx_hal_msp.o
 .ARM.attributes
                0x0000000000000158       0x2d ./Core/Src/stm32f1xx_it.o
 .ARM.attributes
                0x0000000000000185       0x2d ./Core/Src/sysmem.o
 .ARM.attributes
                0x00000000000001b2       0x2d ./Core/Src/system_stm32f1xx.o
 .ARM.attributes
                0x00000000000001df       0x2d ./Core/Src/utility.o
 .ARM.attributes
                0x000000000000020c       0x21 ./Core/Startup/startup_stm32f103c8tx.o
 .ARM.attributes
                0x000000000000022d       0x2d ./Drivers/STM32F1xx_HAL_Driver/Src/stm32f1xx_hal.o
 .ARM.attributes
                0x000000000000025a       0x2d ./Drivers/STM32F1xx_HAL_Driver/Src/stm32f1xx_hal_cortex.o
 .ARM.attributes
                0x0000000000000287       0x2d ./Drivers/STM32F1xx_HAL_Driver/Src/stm32f1xx_hal_dma.o
 .ARM.attributes
                0x00000000000002b4       0x2d ./Drivers/STM32F1xx_HAL_Driver/Src/stm32f1xx_hal_flash.o
 .ARM.attributes
                0x00000000000002e1       0x2d ./Drivers/STM32F1xx_HAL_Driver/Src/stm32f1xx_hal_flash_ex.o
 .ARM.attributes
                0x000000000000030e       0x2d ./Drivers/STM32F1xx_HAL_Driver/Src/stm32f1xx_hal_gpio.o
 .ARM.attributes
                0x000000000000033b       0x2d ./Drivers/STM32F1xx_HAL_Driver/Src/stm32f1xx_hal_i2c.o
 .ARM.attributes
                0x0000000000000368       0x2d ./Drivers/STM32F1xx_HAL_Driver/Src/stm32f1xx_hal_rcc.o
 .ARM.attributes
                0x0000000000000395       0x2d ./Drivers/STM32F1xx_HAL_Driver/Src/stm32f1xx_hal_spi.o
 .ARM.attributes
                0x00000000000003c2       0x2d ./Drivers/STM32F1xx_HAL_Driver/Src/stm32f1xx_hal_uart.o
 .ARM.attributes
                0x00000000000003ef       0x2d C:/ST/STM32CubeIDE_1.11.0/STM32CubeIDE/plugins/com.st.stm32cube.ide.mcu.externaltools.gnu-tools-for-stm32.11.3.rel1.win32_1.1.100.202309141235/tools/bin/../lib/gcc/arm-none-eabi/11.3.1/../../../../arm-none-eabi/lib/thumb/v7-m/nofp\libc_nano.a(libc_a-findfp.o)
 .ARM.attributes
                0x000000000000041c       0x2d C:/ST/STM32CubeIDE_1.11.0/STM32CubeIDE/plugins/com.st.stm32cube.ide.mcu.externaltools.gnu-tools-for-stm32.11.3.rel1.win32_1.1.100.202309141235/tools/bin/../lib/gcc/arm-none-eabi/11.3.1/../../../../arm-none-eabi/lib/thumb/v7-m/nofp\libc_nano.a(libc_a-sprintf.o)
 .ARM.attributes
                0x0000000000000449       0x2d C:/ST/STM32CubeIDE_1.11.0/STM32CubeIDE/plugins/com.st.stm32cube.ide.mcu.externaltools.gnu-tools-for-stm32.11.3.rel1.win32_1.1.100.202309141235/tools/bin/../lib/gcc/arm-none-eabi/11.3.1/../../../../arm-none-eabi/lib/thumb/v7-m/nofp\libc_nano.a(libc_a-memcmp.o)
 .ARM.attributes
                0x0000000000000476       0x2d C:/ST/STM32CubeIDE_1.11.0/STM32CubeIDE/plugins/com.st.stm32cube.ide.mcu.externaltools.gnu-tools-for-stm32.11.3.rel1.win32_1.1.100.202309141235/tools/bin/../lib/gcc/arm-none-eabi/11.3.1/../../../../arm-none-eabi/lib/thumb/v7-m/nofp\libc_nano.a(libc_a-memset.o)
 .ARM.attributes
                0x00000000000004a3       0x2d C:/ST/STM32CubeIDE_1.11.0/STM32CubeIDE/plugins/com.st.stm32cube.ide.mcu.externaltools.gnu-tools-for-stm32.11.3.rel1.win32_1.1.100.202309141235/tools/bin/../lib/gcc/arm-none-eabi/11.3.1/../../../../arm-none-eabi/lib/thumb/v7-m/nofp\libc_nano.a(libc_a-strncmp.o)
 .ARM.attributes
                0x00000000000004d0       0x2d C:/ST/STM32CubeIDE_1.11.0/STM32CubeIDE/plugins/com.st.stm32cube.ide.mcu.externaltools.gnu-tools-for-stm32.11.3.rel1.win32_1.1.100.202309141235/tools/bin/../lib/gcc/arm-none-eabi/11.3.1/../../../../arm-none-eabi/lib/thumb/v7-m/nofp\libc_nano.a(libc_a-reent.o)
 .ARM.attributes
                0x00000000000004fd       0x2d C:/ST/STM32CubeIDE_1.11.0/STM32CubeIDE/plugins/com.st.stm32cube.ide.mcu.externaltools.gnu-tools-for-stm32.11.3.rel1.win32_1.1.100.202309141235/tools/bin/../lib/gcc/arm-none-eabi/11.3.1/../../../../arm-none-eabi/lib/thumb/v7-m/nofp\libc_nano.a(libc_a-impure.o)
 .ARM.attributes
                0x000000000000052a       0x2d C:/ST/STM32CubeIDE_1.11.0/STM32CubeIDE/plugins/com.st.stm32cube.ide.mcu.externaltools.gnu-tools-for-stm32.11.3.rel1.win32_1.1.100.202309141235/tools/bin/../lib/gcc/arm-none-eabi/11.3.1/../../../../arm-none-eabi/lib/thumb/v7-m/nofp\libc_nano.a(libc_a-errno.o)
 .ARM.attributes
                0x0000000000000557       0x2d C:/ST/STM32CubeIDE_1.11.0/STM32CubeIDE/plugins/com.st.stm32cube.ide.mcu.externaltools.gnu-tools-for-stm32.11.3.rel1.win32_1.1.100.202309141235/tools/bin/../lib/gcc/arm-none-eabi/11.3.1/../../../../arm-none-eabi/lib/thumb/v7-m/nofp\libc_nano.a(libc_a-init.o)
 .ARM.attributes
                0x0000000000000584       0x2d C:/ST/STM32CubeIDE_1.11.0/STM32CubeIDE/plugins/com.st.stm32cube.ide.mcu.externaltools.gnu-tools-for-stm32.11.3.rel1.win32_1.1.100.202309141235/tools/bin/../lib/gcc/arm-none-eabi/11.3.1/../../../../arm-none-eabi/lib/thumb/v7-m/nofp\libc_nano.a(libc_a-lock.o)
 .ARM.attributes
                0x00000000000005b1       0x2d C:/ST/STM32CubeIDE_1.11.0/STM32CubeIDE/plugins/com.st.stm32cube.ide.mcu.externaltools.gnu-tools-for-stm32.11.3.rel1.win32_1.1.100.202309141235/tools/bin/../lib/gcc/arm-none-eabi/11.3.1/../../../../arm-none-eabi/lib/thumb/v7-m/nofp\libc_nano.a(libc_a-memcpy-stub.o)
 .ARM.attributes
                0x00000000000005de       0x17 C:/ST/STM32CubeIDE_1.11.0/STM32CubeIDE/plugins/com.st.stm32cube.ide.mcu.externaltools.gnu-tools-for-stm32.11.3.rel1.win32_1.1.100.202309141235/tools/bin/../lib/gcc/arm-none-eabi/11.3.1/../../../../arm-none-eabi/lib/thumb/v7-m/nofp\libc_nano.a(libc_a-strlen.o)
 .ARM.attributes
                0x00000000000005f5       0x2d C:/ST/STM32CubeIDE_1.11.0/STM32CubeIDE/plugins/com.st.stm32cube.ide.mcu.externaltools.gnu-tools-for-stm32.11.3.rel1.win32_1.1.100.202309141235/tools/bin/../lib/gcc/arm-none-eabi/11.3.1/../../../../arm-none-eabi/lib/thumb/v7-m/nofp\libc_nano.a(libc_a-freer.o)
 .ARM.attributes
                0x0000000000000622       0x2d C:/ST/STM32CubeIDE_1.11.0/STM32CubeIDE/plugins/com.st.stm32cube.ide.mcu.externaltools.gnu-tools-for-stm32.11.3.rel1.win32_1.1.100.202309141235/tools/bin/../lib/gcc/arm-none-eabi/11.3.1/../../../../arm-none-eabi/lib/thumb/v7-m/nofp\libc_nano.a(libc_a-mallocr.o)
 .ARM.attributes
                0x000000000000064f       0x2d C:/ST/STM32CubeIDE_1.11.0/STM32CubeIDE/plugins/com.st.stm32cube.ide.mcu.externaltools.gnu-tools-for-stm32.11.3.rel1.win32_1.1.100.202309141235/tools/bin/../lib/gcc/arm-none-eabi/11.3.1/../../../../arm-none-eabi/lib/thumb/v7-m/nofp\libc_nano.a(libc_a-mlock.o)
 .ARM.attributes
                0x000000000000067c       0x2d C:/ST/STM32CubeIDE_1.11.0/STM32CubeIDE/plugins/com.st.stm32cube.ide.mcu.externaltools.gnu-tools-for-stm32.11.3.rel1.win32_1.1.100.202309141235/tools/bin/../lib/gcc/arm-none-eabi/11.3.1/../../../../arm-none-eabi/lib/thumb/v7-m/nofp\libc_nano.a(libc_a-nano-svfprintf.o)
 .ARM.attributes
                0x00000000000006a9       0x2d C:/ST/STM32CubeIDE_1.11.0/STM32CubeIDE/plugins/com.st.stm32cube.ide.mcu.externaltools.gnu-tools-for-stm32.11.3.rel1.win32_1.1.100.202309141235/tools/bin/../lib/gcc/arm-none-eabi/11.3.1/../../../../arm-none-eabi/lib/thumb/v7-m/nofp\libc_nano.a(libc_a-nano-vfprintf_i.o)
 .ARM.attributes
                0x00000000000006d6       0x2d C:/ST/STM32CubeIDE_1.11.0/STM32CubeIDE/plugins/com.st.stm32cube.ide.mcu.externaltools.gnu-tools-for-stm32.11.3.rel1.win32_1.1.100.202309141235/tools/bin/../lib/gcc/arm-none-eabi/11.3.1/../../../../arm-none-eabi/lib/thumb/v7-m/nofp\libc_nano.a(libc_a-memmove.o)
 .ARM.attributes
                0x0000000000000703       0x2d C:/ST/STM32CubeIDE_1.11.0/STM32CubeIDE/plugins/com.st.stm32cube.ide.mcu.externaltools.gnu-tools-for-stm32.11.3.rel1.win32_1.1.100.202309141235/tools/bin/../lib/gcc/arm-none-eabi/11.3.1/../../../../arm-none-eabi/lib/thumb/v7-m/nofp\libc_nano.a(libc_a-sbrkr.o)
 .ARM.attributes
                0x0000000000000730       0x2d C:/ST/STM32CubeIDE_1.11.0/STM32CubeIDE/plugins/com.st.stm32cube.ide.mcu.externaltools.gnu-tools-for-stm32.11.3.rel1.win32_1.1.100.202309141235/tools/bin/../lib/gcc/arm-none-eabi/11.3.1/../../../../arm-none-eabi/lib/thumb/v7-m/nofp\libc_nano.a(libc_a-memchr-stub.o)
 .ARM.attributes
                0x000000000000075d       0x2d C:/ST/STM32CubeIDE_1.11.0/STM32CubeIDE/plugins/com.st.stm32cube.ide.mcu.externaltools.gnu-tools-for-stm32.11.3.rel1.win32_1.1.100.202309141235/tools/bin/../lib/gcc/arm-none-eabi/11.3.1/../../../../arm-none-eabi/lib/thumb/v7-m/nofp\libc_nano.a(libc_a-reallocr.o)
 .ARM.attributes
                0x000000000000078a       0x2d C:/ST/STM32CubeIDE_1.11.0/STM32CubeIDE/plugins/com.st.stm32cube.ide.mcu.externaltools.gnu-tools-for-stm32.11.3.rel1.win32_1.1.100.202309141235/tools/bin/../lib/gcc/arm-none-eabi/11.3.1/../../../../arm-none-eabi/lib/thumb/v7-m/nofp\libc_nano.a(libc_a-msizer.o)
 .ARM.attributes
                0x00000000000007b7       0x1d C:/ST/STM32CubeIDE_1.11.0/STM32CubeIDE/plugins/com.st.stm32cube.ide.mcu.externaltools.gnu-tools-for-stm32.11.3.rel1.win32_1.1.100.202309141235/tools/bin/../lib/gcc/arm-none-eabi/11.3.1/thumb/v7-m/nofp/crtn.o
OUTPUT(DP_1_2.elf elf32-littlearm)
LOAD linker stubs
LOAD C:/ST/STM32CubeIDE_1.11.0/STM32CubeIDE/plugins/com.st.stm32cube.ide.mcu.externaltools.gnu-tools-for-stm32.11.3.rel1.win32_1.1.100.202309141235/tools/bin/../lib/gcc/arm-none-eabi/11.3.1/../../../../arm-none-eabi/lib/thumb/v7-m/nofp\libc.a
LOAD C:/ST/STM32CubeIDE_1.11.0/STM32CubeIDE/plugins/com.st.stm32cube.ide.mcu.externaltools.gnu-tools-for-stm32.11.3.rel1.win32_1.1.100.202309141235/tools/bin/../lib/gcc/arm-none-eabi/11.3.1/../../../../arm-none-eabi/lib/thumb/v7-m/nofp\libm.a
LOAD C:/ST/STM32CubeIDE_1.11.0/STM32CubeIDE/plugins/com.st.stm32cube.ide.mcu.externaltools.gnu-tools-for-stm32.11.3.rel1.win32_1.1.100.202309141235/tools/bin/../lib/gcc/arm-none-eabi/11.3.1/thumb/v7-m/nofp\libgcc.a

.comment        0x0000000000000000       0x43
 .comment       0x0000000000000000       0x43 C:/ST/STM32CubeIDE_1.11.0/STM32CubeIDE/plugins/com.st.stm32cube.ide.mcu.externaltools.gnu-tools-for-stm32.11.3.rel1.win32_1.1.100.202309141235/tools/bin/../lib/gcc/arm-none-eabi/11.3.1/thumb/v7-m/nofp/crtbegin.o
                                         0x44 (size before relaxing)
 .comment       0x0000000000000043       0x44 ./Core/Src/ADP8XX_DP_SENSOR.o
 .comment       0x0000000000000043       0x44 ./Core/Src/MY_NRF24.o
 .comment       0x0000000000000043       0x44 ./Core/Src/ee.o
 .comment       0x0000000000000043       0x44 ./Core/Src/main.o
 .comment       0x0000000000000043       0x44 ./Core/Src/nrf_helper.o
 .comment       0x0000000000000043       0x44 ./Core/Src/stm32f1xx_hal_msp.o
 .comment       0x0000000000000043       0x44 ./Core/Src/stm32f1xx_it.o
 .comment       0x0000000000000043       0x44 ./Core/Src/sysmem.o
 .comment       0x0000000000000043       0x44 ./Core/Src/system_stm32f1xx.o
 .comment       0x0000000000000043       0x44 ./Core/Src/utility.o
 .comment       0x0000000000000043       0x44 ./Drivers/STM32F1xx_HAL_Driver/Src/stm32f1xx_hal.o
 .comment       0x0000000000000043       0x44 ./Drivers/STM32F1xx_HAL_Driver/Src/stm32f1xx_hal_cortex.o
 .comment       0x0000000000000043       0x44 ./Drivers/STM32F1xx_HAL_Driver/Src/stm32f1xx_hal_dma.o
 .comment       0x0000000000000043       0x44 ./Drivers/STM32F1xx_HAL_Driver/Src/stm32f1xx_hal_flash.o
 .comment       0x0000000000000043       0x44 ./Drivers/STM32F1xx_HAL_Driver/Src/stm32f1xx_hal_flash_ex.o
 .comment       0x0000000000000043       0x44 ./Drivers/STM32F1xx_HAL_Driver/Src/stm32f1xx_hal_gpio.o
 .comment       0x0000000000000043       0x44 ./Drivers/STM32F1xx_HAL_Driver/Src/stm32f1xx_hal_i2c.o
 .comment       0x0000000000000043       0x44 ./Drivers/STM32F1xx_HAL_Driver/Src/stm32f1xx_hal_rcc.o
 .comment       0x0000000000000043       0x44 ./Drivers/STM32F1xx_HAL_Driver/Src/stm32f1xx_hal_spi.o
 .comment       0x0000000000000043       0x44 ./Drivers/STM32F1xx_HAL_Driver/Src/stm32f1xx_hal_uart.o

.debug_info     0x0000000000000000     0xf93f
 .debug_info    0x0000000000000000      0x73a ./Core/Src/ADP8XX_DP_SENSOR.o
 .debug_info    0x000000000000073a     0x15db ./Core/Src/MY_NRF24.o
 .debug_info    0x0000000000001d15      0x27c ./Core/Src/ee.o
 .debug_info    0x0000000000001f91     0x1115 ./Core/Src/main.o
 .debug_info    0x00000000000030a6      0xaa9 ./Core/Src/nrf_helper.o
 .debug_info    0x0000000000003b4f      0xf90 ./Core/Src/stm32f1xx_hal_msp.o
 .debug_info    0x0000000000004adf      0x5eb ./Core/Src/stm32f1xx_it.o
 .debug_info    0x00000000000050ca      0x168 ./Core/Src/sysmem.o
 .debug_info    0x0000000000005232      0x222 ./Core/Src/system_stm32f1xx.o
 .debug_info    0x0000000000005454      0x8bc ./Core/Src/utility.o
 .debug_info    0x0000000000005d10       0x23 ./Core/Startup/startup_stm32f103c8tx.o
 .debug_info    0x0000000000005d33      0x704 ./Drivers/STM32F1xx_HAL_Driver/Src/stm32f1xx_hal.o
 .debug_info    0x0000000000006437      0xa87 ./Drivers/STM32F1xx_HAL_Driver/Src/stm32f1xx_hal_cortex.o
 .debug_info    0x0000000000006ebe      0x6d2 ./Drivers/STM32F1xx_HAL_Driver/Src/stm32f1xx_hal_dma.o
 .debug_info    0x0000000000007590      0x4f8 ./Drivers/STM32F1xx_HAL_Driver/Src/stm32f1xx_hal_flash.o
 .debug_info    0x0000000000007a88      0x777 ./Drivers/STM32F1xx_HAL_Driver/Src/stm32f1xx_hal_flash_ex.o
 .debug_info    0x00000000000081ff      0x5ab ./Drivers/STM32F1xx_HAL_Driver/Src/stm32f1xx_hal_gpio.o
 .debug_info    0x00000000000087aa     0x2515 ./Drivers/STM32F1xx_HAL_Driver/Src/stm32f1xx_hal_i2c.o
 .debug_info    0x000000000000acbf      0x7d5 ./Drivers/STM32F1xx_HAL_Driver/Src/stm32f1xx_hal_rcc.o
 .debug_info    0x000000000000b494     0x1503 ./Drivers/STM32F1xx_HAL_Driver/Src/stm32f1xx_hal_spi.o
 .debug_info    0x000000000000c997     0x2fa8 ./Drivers/STM32F1xx_HAL_Driver/Src/stm32f1xx_hal_uart.o

.debug_abbrev   0x0000000000000000     0x2bcf
 .debug_abbrev  0x0000000000000000      0x1ac ./Core/Src/ADP8XX_DP_SENSOR.o
 .debug_abbrev  0x00000000000001ac      0x36c ./Core/Src/MY_NRF24.o
 .debug_abbrev  0x0000000000000518      0x115 ./Core/Src/ee.o
 .debug_abbrev  0x000000000000062d      0x326 ./Core/Src/main.o
 .debug_abbrev  0x0000000000000953      0x2af ./Core/Src/nrf_helper.o
 .debug_abbrev  0x0000000000000c02      0x1f7 ./Core/Src/stm32f1xx_hal_msp.o
 .debug_abbrev  0x0000000000000df9      0x176 ./Core/Src/stm32f1xx_it.o
 .debug_abbrev  0x0000000000000f6f       0xbc ./Core/Src/sysmem.o
 .debug_abbrev  0x000000000000102b      0x13f ./Core/Src/system_stm32f1xx.o
 .debug_abbrev  0x000000000000116a      0x21c ./Core/Src/utility.o
 .debug_abbrev  0x0000000000001386       0x12 ./Core/Startup/startup_stm32f103c8tx.o
 .debug_abbrev  0x0000000000001398      0x201 ./Drivers/STM32F1xx_HAL_Driver/Src/stm32f1xx_hal.o
 .debug_abbrev  0x0000000000001599      0x2f8 ./Drivers/STM32F1xx_HAL_Driver/Src/stm32f1xx_hal_cortex.o
 .debug_abbrev  0x0000000000001891      0x20b ./Drivers/STM32F1xx_HAL_Driver/Src/stm32f1xx_hal_dma.o
 .debug_abbrev  0x0000000000001a9c      0x250 ./Drivers/STM32F1xx_HAL_Driver/Src/stm32f1xx_hal_flash.o
 .debug_abbrev  0x0000000000001cec      0x247 ./Drivers/STM32F1xx_HAL_Driver/Src/stm32f1xx_hal_flash_ex.o
 .debug_abbrev  0x0000000000001f33      0x1ca ./Drivers/STM32F1xx_HAL_Driver/Src/stm32f1xx_hal_gpio.o
 .debug_abbrev  0x00000000000020fd      0x2a3 ./Drivers/STM32F1xx_HAL_Driver/Src/stm32f1xx_hal_i2c.o
 .debug_abbrev  0x00000000000023a0      0x2b3 ./Drivers/STM32F1xx_HAL_Driver/Src/stm32f1xx_hal_rcc.o
 .debug_abbrev  0x0000000000002653      0x284 ./Drivers/STM32F1xx_HAL_Driver/Src/stm32f1xx_hal_spi.o
 .debug_abbrev  0x00000000000028d7      0x2f8 ./Drivers/STM32F1xx_HAL_Driver/Src/stm32f1xx_hal_uart.o

.debug_aranges  0x0000000000000000      0xf20
 .debug_aranges
                0x0000000000000000       0x30 ./Core/Src/ADP8XX_DP_SENSOR.o
 .debug_aranges
                0x0000000000000030      0x1d0 ./Core/Src/MY_NRF24.o
 .debug_aranges
                0x0000000000000200       0x30 ./Core/Src/ee.o
 .debug_aranges
                0x0000000000000230       0x58 ./Core/Src/main.o
 .debug_aranges
                0x0000000000000288       0x48 ./Core/Src/nrf_helper.o
 .debug_aranges
                0x00000000000002d0       0x50 ./Core/Src/stm32f1xx_hal_msp.o
 .debug_aranges
                0x0000000000000320       0x68 ./Core/Src/stm32f1xx_it.o
 .debug_aranges
                0x0000000000000388       0x20 ./Core/Src/sysmem.o
 .debug_aranges
                0x00000000000003a8       0x28 ./Core/Src/system_stm32f1xx.o
 .debug_aranges
                0x00000000000003d0       0x40 ./Core/Src/utility.o
 .debug_aranges
                0x0000000000000410       0x28 ./Core/Startup/startup_stm32f103c8tx.o
 .debug_aranges
                0x0000000000000438       0xe0 ./Drivers/STM32F1xx_HAL_Driver/Src/stm32f1xx_hal.o
 .debug_aranges
                0x0000000000000518      0x100 ./Drivers/STM32F1xx_HAL_Driver/Src/stm32f1xx_hal_cortex.o
 .debug_aranges
                0x0000000000000618       0x80 ./Drivers/STM32F1xx_HAL_Driver/Src/stm32f1xx_hal_dma.o
 .debug_aranges
                0x0000000000000698       0x88 ./Drivers/STM32F1xx_HAL_Driver/Src/stm32f1xx_hal_flash.o
 .debug_aranges
                0x0000000000000720       0x98 ./Drivers/STM32F1xx_HAL_Driver/Src/stm32f1xx_hal_flash_ex.o
 .debug_aranges
                0x00000000000007b8       0x58 ./Drivers/STM32F1xx_HAL_Driver/Src/stm32f1xx_hal_gpio.o
 .debug_aranges
                0x0000000000000810      0x2a8 ./Drivers/STM32F1xx_HAL_Driver/Src/stm32f1xx_hal_i2c.o
 .debug_aranges
                0x0000000000000ab8       0x90 ./Drivers/STM32F1xx_HAL_Driver/Src/stm32f1xx_hal_rcc.o
 .debug_aranges
                0x0000000000000b48      0x1d0 ./Drivers/STM32F1xx_HAL_Driver/Src/stm32f1xx_hal_spi.o
 .debug_aranges
                0x0000000000000d18      0x208 ./Drivers/STM32F1xx_HAL_Driver/Src/stm32f1xx_hal_uart.o

.debug_rnglists
                0x0000000000000000      0xbbd
 .debug_rnglists
                0x0000000000000000       0x1f ./Core/Src/ADP8XX_DP_SENSOR.o
 .debug_rnglists
                0x000000000000001f      0x15f ./Core/Src/MY_NRF24.o
 .debug_rnglists
                0x000000000000017e       0x1f ./Core/Src/ee.o
 .debug_rnglists
                0x000000000000019d       0x3f ./Core/Src/main.o
 .debug_rnglists
                0x00000000000001dc       0x32 ./Core/Src/nrf_helper.o
 .debug_rnglists
                0x000000000000020e       0x39 ./Core/Src/stm32f1xx_hal_msp.o
 .debug_rnglists
                0x0000000000000247       0x49 ./Core/Src/stm32f1xx_it.o
 .debug_rnglists
                0x0000000000000290       0x13 ./Core/Src/sysmem.o
 .debug_rnglists
                0x00000000000002a3       0x1a ./Core/Src/system_stm32f1xx.o
 .debug_rnglists
                0x00000000000002bd       0x3a ./Core/Src/utility.o
 .debug_rnglists
                0x00000000000002f7       0x19 ./Core/Startup/startup_stm32f103c8tx.o
 .debug_rnglists
                0x0000000000000310       0xa3 ./Drivers/STM32F1xx_HAL_Driver/Src/stm32f1xx_hal.o
 .debug_rnglists
                0x00000000000003b3       0xbb ./Drivers/STM32F1xx_HAL_Driver/Src/stm32f1xx_hal_cortex.o
 .debug_rnglists
                0x000000000000046e       0x64 ./Drivers/STM32F1xx_HAL_Driver/Src/stm32f1xx_hal_dma.o
 .debug_rnglists
                0x00000000000004d2       0x66 ./Drivers/STM32F1xx_HAL_Driver/Src/stm32f1xx_hal_flash.o
 .debug_rnglists
                0x0000000000000538       0x74 ./Drivers/STM32F1xx_HAL_Driver/Src/stm32f1xx_hal_flash_ex.o
 .debug_rnglists
                0x00000000000005ac       0x3f ./Drivers/STM32F1xx_HAL_Driver/Src/stm32f1xx_hal_gpio.o
 .debug_rnglists
                0x00000000000005eb      0x23c ./Drivers/STM32F1xx_HAL_Driver/Src/stm32f1xx_hal_i2c.o
 .debug_rnglists
                0x0000000000000827       0x6c ./Drivers/STM32F1xx_HAL_Driver/Src/stm32f1xx_hal_rcc.o
 .debug_rnglists
                0x0000000000000893      0x16e ./Drivers/STM32F1xx_HAL_Driver/Src/stm32f1xx_hal_spi.o
 .debug_rnglists
                0x0000000000000a01      0x1bc ./Drivers/STM32F1xx_HAL_Driver/Src/stm32f1xx_hal_uart.o

.debug_macro    0x0000000000000000    0x18be0
 .debug_macro   0x0000000000000000      0x1b2 ./Core/Src/ADP8XX_DP_SENSOR.o
 .debug_macro   0x00000000000001b2      0xa9c ./Core/Src/ADP8XX_DP_SENSOR.o
 .debug_macro   0x0000000000000c4e      0x221 ./Core/Src/ADP8XX_DP_SENSOR.o
 .debug_macro   0x0000000000000e6f       0x2e ./Core/Src/ADP8XX_DP_SENSOR.o
 .debug_macro   0x0000000000000e9d       0x22 ./Core/Src/ADP8XX_DP_SENSOR.o
 .debug_macro   0x0000000000000ebf       0x22 ./Core/Src/ADP8XX_DP_SENSOR.o
 .debug_macro   0x0000000000000ee1       0x8e ./Core/Src/ADP8XX_DP_SENSOR.o
 .debug_macro   0x0000000000000f6f       0x51 ./Core/Src/ADP8XX_DP_SENSOR.o
 .debug_macro   0x0000000000000fc0      0x103 ./Core/Src/ADP8XX_DP_SENSOR.o
 .debug_macro   0x00000000000010c3       0x6a ./Core/Src/ADP8XX_DP_SENSOR.o
 .debug_macro   0x000000000000112d      0x1df ./Core/Src/ADP8XX_DP_SENSOR.o
 .debug_macro   0x000000000000130c       0x1c ./Core/Src/ADP8XX_DP_SENSOR.o
 .debug_macro   0x0000000000001328       0x22 ./Core/Src/ADP8XX_DP_SENSOR.o
 .debug_macro   0x000000000000134a       0xbd ./Core/Src/ADP8XX_DP_SENSOR.o
 .debug_macro   0x0000000000001407      0xd23 ./Core/Src/ADP8XX_DP_SENSOR.o
 .debug_macro   0x000000000000212a     0xe09e ./Core/Src/ADP8XX_DP_SENSOR.o
 .debug_macro   0x00000000000101c8       0x6d ./Core/Src/ADP8XX_DP_SENSOR.o
 .debug_macro   0x0000000000010235     0x348d ./Core/Src/ADP8XX_DP_SENSOR.o
 .debug_macro   0x00000000000136c2      0x174 ./Core/Src/ADP8XX_DP_SENSOR.o
 .debug_macro   0x0000000000013836       0x5c ./Core/Src/ADP8XX_DP_SENSOR.o
 .debug_macro   0x0000000000013892      0x5bc ./Core/Src/ADP8XX_DP_SENSOR.o
 .debug_macro   0x0000000000013e4e      0x289 ./Core/Src/ADP8XX_DP_SENSOR.o
 .debug_macro   0x00000000000140d7      0x1cb ./Core/Src/ADP8XX_DP_SENSOR.o
 .debug_macro   0x00000000000142a2      0x114 ./Core/Src/ADP8XX_DP_SENSOR.o
 .debug_macro   0x00000000000143b6      0x1b2 ./Core/Src/ADP8XX_DP_SENSOR.o
 .debug_macro   0x0000000000014568       0x27 ./Core/Src/ADP8XX_DP_SENSOR.o
 .debug_macro   0x000000000001458f      0x136 ./Core/Src/ADP8XX_DP_SENSOR.o
 .debug_macro   0x00000000000146c5      0x1bc ./Core/Src/ADP8XX_DP_SENSOR.o
 .debug_macro   0x0000000000014881       0x34 ./Core/Src/ADP8XX_DP_SENSOR.o
 .debug_macro   0x00000000000148b5       0x3c ./Core/Src/ADP8XX_DP_SENSOR.o
 .debug_macro   0x00000000000148f1       0x57 ./Core/Src/ADP8XX_DP_SENSOR.o
 .debug_macro   0x0000000000014948       0x87 ./Core/Src/ADP8XX_DP_SENSOR.o
 .debug_macro   0x00000000000149cf      0x240 ./Core/Src/ADP8XX_DP_SENSOR.o
 .debug_macro   0x0000000000014c0f      0x287 ./Core/Src/ADP8XX_DP_SENSOR.o
 .debug_macro   0x0000000000014e96      0x140 ./Core/Src/ADP8XX_DP_SENSOR.o
 .debug_macro   0x0000000000014fd6      0x217 ./Core/Src/ADP8XX_DP_SENSOR.o
 .debug_macro   0x00000000000151ed      0x28e ./Core/Src/ADP8XX_DP_SENSOR.o
 .debug_macro   0x000000000001547b       0x83 ./Core/Src/ADP8XX_DP_SENSOR.o
 .debug_macro   0x00000000000154fe      0x300 ./Core/Src/MY_NRF24.o
 .debug_macro   0x00000000000157fe      0x22c ./Core/Src/MY_NRF24.o
 .debug_macro   0x0000000000015a2a       0x24 ./Core/Src/MY_NRF24.o
 .debug_macro   0x0000000000015a4e       0x61 ./Core/Src/MY_NRF24.o
 .debug_macro   0x0000000000015aaf       0x43 ./Core/Src/MY_NRF24.o
 .debug_macro   0x0000000000015af2       0x34 ./Core/Src/MY_NRF24.o
 .debug_macro   0x0000000000015b26       0x16 ./Core/Src/MY_NRF24.o
 .debug_macro   0x0000000000015b3c       0x35 ./Core/Src/MY_NRF24.o
 .debug_macro   0x0000000000015b71       0x16 ./Core/Src/MY_NRF24.o
 .debug_macro   0x0000000000015b87       0x43 ./Core/Src/MY_NRF24.o
 .debug_macro   0x0000000000015bca       0x34 ./Core/Src/MY_NRF24.o
 .debug_macro   0x0000000000015bfe       0x10 ./Core/Src/MY_NRF24.o
 .debug_macro   0x0000000000015c0e       0x58 ./Core/Src/MY_NRF24.o
 .debug_macro   0x0000000000015c66       0x8e ./Core/Src/MY_NRF24.o
 .debug_macro   0x0000000000015cf4       0x1c ./Core/Src/MY_NRF24.o
 .debug_macro   0x0000000000015d10      0x177 ./Core/Src/MY_NRF24.o
 .debug_macro   0x0000000000015e87      0x369 ./Core/Src/MY_NRF24.o
 .debug_macro   0x00000000000161f0       0x16 ./Core/Src/MY_NRF24.o
 .debug_macro   0x0000000000016206       0x29 ./Core/Src/MY_NRF24.o
 .debug_macro   0x000000000001622f       0x22 ./Core/Src/MY_NRF24.o
 .debug_macro   0x0000000000016251       0x16 ./Core/Src/MY_NRF24.o
 .debug_macro   0x0000000000016267       0x20 ./Core/Src/MY_NRF24.o
 .debug_macro   0x0000000000016287       0x1c ./Core/Src/MY_NRF24.o
 .debug_macro   0x00000000000162a3       0x10 ./Core/Src/MY_NRF24.o
 .debug_macro   0x00000000000162b3       0x1c ./Core/Src/MY_NRF24.o
 .debug_macro   0x00000000000162cf       0x16 ./Core/Src/MY_NRF24.o
 .debug_macro   0x00000000000162e5      0x147 ./Core/Src/MY_NRF24.o
 .debug_macro   0x000000000001642c      0x292 ./Core/Src/ee.o
 .debug_macro   0x00000000000166be       0x28 ./Core/Src/ee.o
 .debug_macro   0x00000000000166e6       0x10 ./Core/Src/ee.o
 .debug_macro   0x00000000000166f6      0x34b ./Core/Src/main.o
 .debug_macro   0x0000000000016a41       0x10 ./Core/Src/main.o
 .debug_macro   0x0000000000016a51       0x10 ./Core/Src/main.o
 .debug_macro   0x0000000000016a61      0x30d ./Core/Src/nrf_helper.o
 .debug_macro   0x0000000000016d6e       0x5b ./Core/Src/nrf_helper.o
 .debug_macro   0x0000000000016dc9       0x94 ./Core/Src/nrf_helper.o
 .debug_macro   0x0000000000016e5d       0x57 ./Core/Src/nrf_helper.o
 .debug_macro   0x0000000000016eb4       0x56 ./Core/Src/nrf_helper.o
 .debug_macro   0x0000000000016f0a      0x1b1 ./Core/Src/stm32f1xx_hal_msp.o
 .debug_macro   0x00000000000170bb      0x1bb ./Core/Src/stm32f1xx_it.o
 .debug_macro   0x0000000000017276       0xff ./Core/Src/sysmem.o
 .debug_macro   0x0000000000017375      0x23c ./Core/Src/sysmem.o
 .debug_macro   0x00000000000175b1      0x1a2 ./Core/Src/system_stm32f1xx.o
 .debug_macro   0x0000000000017753      0x32f ./Core/Src/utility.o
 .debug_macro   0x0000000000017a82      0x1c6 ./Drivers/STM32F1xx_HAL_Driver/Src/stm32f1xx_hal.o
 .debug_macro   0x0000000000017c48      0x1a2 ./Drivers/STM32F1xx_HAL_Driver/Src/stm32f1xx_hal_cortex.o
 .debug_macro   0x0000000000017dea      0x1a2 ./Drivers/STM32F1xx_HAL_Driver/Src/stm32f1xx_hal_dma.o
 .debug_macro   0x0000000000017f8c      0x1a2 ./Drivers/STM32F1xx_HAL_Driver/Src/stm32f1xx_hal_flash.o
 .debug_macro   0x000000000001812e      0x1b4 ./Drivers/STM32F1xx_HAL_Driver/Src/stm32f1xx_hal_flash_ex.o
 .debug_macro   0x00000000000182e2      0x20d ./Drivers/STM32F1xx_HAL_Driver/Src/stm32f1xx_hal_gpio.o
 .debug_macro   0x00000000000184ef      0x1f0 ./Drivers/STM32F1xx_HAL_Driver/Src/stm32f1xx_hal_i2c.o
 .debug_macro   0x00000000000186df      0x1b4 ./Drivers/STM32F1xx_HAL_Driver/Src/stm32f1xx_hal_rcc.o
 .debug_macro   0x0000000000018893      0x1aa ./Drivers/STM32F1xx_HAL_Driver/Src/stm32f1xx_hal_spi.o
 .debug_macro   0x0000000000018a3d      0x1a3 ./Drivers/STM32F1xx_HAL_Driver/Src/stm32f1xx_hal_uart.o

.debug_line     0x0000000000000000    0x13163
 .debug_line    0x0000000000000000      0x77a ./Core/Src/ADP8XX_DP_SENSOR.o
 .debug_line    0x000000000000077a     0x13b0 ./Core/Src/MY_NRF24.o
 .debug_line    0x0000000000001b2a      0x8d0 ./Core/Src/ee.o
 .debug_line    0x00000000000023fa      0xb06 ./Core/Src/main.o
 .debug_line    0x0000000000002f00      0x98f ./Core/Src/nrf_helper.o
 .debug_line    0x000000000000388f      0x7f6 ./Core/Src/stm32f1xx_hal_msp.o
 .debug_line    0x0000000000004085      0x7dc ./Core/Src/stm32f1xx_it.o
 .debug_line    0x0000000000004861      0x583 ./Core/Src/sysmem.o
 .debug_line    0x0000000000004de4      0x780 ./Core/Src/system_stm32f1xx.o
 .debug_line    0x0000000000005564      0xa20 ./Core/Src/utility.o
 .debug_line    0x0000000000005f84       0x78 ./Core/Startup/startup_stm32f103c8tx.o
 .debug_line    0x0000000000005ffc      0x9ad ./Drivers/STM32F1xx_HAL_Driver/Src/stm32f1xx_hal.o
 .debug_line    0x00000000000069a9      0xb95 ./Drivers/STM32F1xx_HAL_Driver/Src/stm32f1xx_hal_cortex.o
 .debug_line    0x000000000000753e      0xe06 ./Drivers/STM32F1xx_HAL_Driver/Src/stm32f1xx_hal_dma.o
 .debug_line    0x0000000000008344      0xa8a ./Drivers/STM32F1xx_HAL_Driver/Src/stm32f1xx_hal_flash.o
 .debug_line    0x0000000000008dce      0xb65 ./Drivers/STM32F1xx_HAL_Driver/Src/stm32f1xx_hal_flash_ex.o
 .debug_line    0x0000000000009933      0xa46 ./Drivers/STM32F1xx_HAL_Driver/Src/stm32f1xx_hal_gpio.o
 .debug_line    0x000000000000a379     0x3b24 ./Drivers/STM32F1xx_HAL_Driver/Src/stm32f1xx_hal_i2c.o
 .debug_line    0x000000000000de9d      0xdb6 ./Drivers/STM32F1xx_HAL_Driver/Src/stm32f1xx_hal_rcc.o
 .debug_line    0x000000000000ec53     0x1c35 ./Drivers/STM32F1xx_HAL_Driver/Src/stm32f1xx_hal_spi.o
 .debug_line    0x0000000000010888     0x28db ./Drivers/STM32F1xx_HAL_Driver/Src/stm32f1xx_hal_uart.o

.debug_str      0x0000000000000000    0x87a67
 .debug_str     0x0000000000000000    0x7f718 ./Core/Src/ADP8XX_DP_SENSOR.o
                                      0x7fb12 (size before relaxing)
 .debug_str     0x000000000007f718     0x4987 ./Core/Src/MY_NRF24.o
                                      0x841b9 (size before relaxing)
 .debug_str     0x000000000008409f      0x1cb ./Core/Src/ee.o
                                      0x828e8 (size before relaxing)
 .debug_str     0x000000000008426a      0x3c1 ./Core/Src/main.o
                                      0x84147 (size before relaxing)
 .debug_str     0x000000000008462b       0xe8 ./Core/Src/nrf_helper.o
                                      0x83c39 (size before relaxing)
 .debug_str     0x0000000000084713      0x381 ./Core/Src/stm32f1xx_hal_msp.o
                                      0x80244 (size before relaxing)
 .debug_str     0x0000000000084a94       0xef ./Core/Src/stm32f1xx_it.o
                                      0x7fab1 (size before relaxing)
 .debug_str     0x0000000000084b83      0x4dc ./Core/Src/sysmem.o
                                       0x6018 (size before relaxing)
 .debug_str     0x000000000008505f       0x6e ./Core/Src/system_stm32f1xx.o
                                      0x7f600 (size before relaxing)
 .debug_str     0x00000000000850cd       0xf1 ./Core/Src/utility.o
                                      0x83afd (size before relaxing)
 .debug_str     0x00000000000851be       0x34 ./Core/Startup/startup_stm32f103c8tx.o
                                         0x82 (size before relaxing)
 .debug_str     0x00000000000851f2      0x36e ./Drivers/STM32F1xx_HAL_Driver/Src/stm32f1xx_hal.o
                                      0x7fd33 (size before relaxing)
 .debug_str     0x0000000000085560      0x28a ./Drivers/STM32F1xx_HAL_Driver/Src/stm32f1xx_hal_cortex.o
                                      0x7fc7f (size before relaxing)
 .debug_str     0x00000000000857ea      0x23a ./Drivers/STM32F1xx_HAL_Driver/Src/stm32f1xx_hal_dma.o
                                      0x7f9a9 (size before relaxing)
 .debug_str     0x0000000000085a24      0x259 ./Drivers/STM32F1xx_HAL_Driver/Src/stm32f1xx_hal_flash.o
                                      0x7f8db (size before relaxing)
 .debug_str     0x0000000000085c7d      0x30c ./Drivers/STM32F1xx_HAL_Driver/Src/stm32f1xx_hal_flash_ex.o
                                      0x7fa89 (size before relaxing)
 .debug_str     0x0000000000085f89      0x2ce ./Drivers/STM32F1xx_HAL_Driver/Src/stm32f1xx_hal_gpio.o
                                      0x7f986 (size before relaxing)
 .debug_str     0x0000000000086257      0xb57 ./Drivers/STM32F1xx_HAL_Driver/Src/stm32f1xx_hal_i2c.o
                                      0x806c7 (size before relaxing)
 .debug_str     0x0000000000086dae      0x209 ./Drivers/STM32F1xx_HAL_Driver/Src/stm32f1xx_hal_rcc.o
                                      0x7fa2f (size before relaxing)
 .debug_str     0x0000000000086fb7      0x500 ./Drivers/STM32F1xx_HAL_Driver/Src/stm32f1xx_hal_spi.o
                                      0x7ff2c (size before relaxing)
 .debug_str     0x00000000000874b7      0x5b0 ./Drivers/STM32F1xx_HAL_Driver/Src/stm32f1xx_hal_uart.o
                                      0x800a0 (size before relaxing)

.debug_frame    0x0000000000000000     0x42f8
 .debug_frame   0x0000000000000000       0x7c ./Core/Src/ADP8XX_DP_SENSOR.o
 .debug_frame   0x000000000000007c      0x784 ./Core/Src/MY_NRF24.o
 .debug_frame   0x0000000000000800       0x7c ./Core/Src/ee.o
 .debug_frame   0x000000000000087c      0x10c ./Core/Src/main.o
 .debug_frame   0x0000000000000988       0xd8 ./Core/Src/nrf_helper.o
 .debug_frame   0x0000000000000a60      0x110 ./Core/Src/stm32f1xx_hal_msp.o
 .debug_frame   0x0000000000000b70      0x120 ./Core/Src/stm32f1xx_it.o
 .debug_frame   0x0000000000000c90       0x34 ./Core/Src/sysmem.o
 .debug_frame   0x0000000000000cc4       0x58 ./Core/Src/system_stm32f1xx.o
 .debug_frame   0x0000000000000d1c       0xc8 ./Core/Src/utility.o
 .debug_frame   0x0000000000000de4      0x334 ./Drivers/STM32F1xx_HAL_Driver/Src/stm32f1xx_hal.o
 .debug_frame   0x0000000000001118      0x428 ./Drivers/STM32F1xx_HAL_Driver/Src/stm32f1xx_hal_cortex.o
 .debug_frame   0x0000000000001540      0x208 ./Drivers/STM32F1xx_HAL_Driver/Src/stm32f1xx_hal_dma.o
 .debug_frame   0x0000000000001748      0x20c ./Drivers/STM32F1xx_HAL_Driver/Src/stm32f1xx_hal_flash.o
 .debug_frame   0x0000000000001954      0x258 ./Drivers/STM32F1xx_HAL_Driver/Src/stm32f1xx_hal_flash_ex.o
 .debug_frame   0x0000000000001bac      0x14c ./Drivers/STM32F1xx_HAL_Driver/Src/stm32f1xx_hal_gpio.o
 .debug_frame   0x0000000000001cf8      0xc84 ./Drivers/STM32F1xx_HAL_Driver/Src/stm32f1xx_hal_i2c.o
 .debug_frame   0x000000000000297c      0x218 ./Drivers/STM32F1xx_HAL_Driver/Src/stm32f1xx_hal_rcc.o
 .debug_frame   0x0000000000002b94      0x824 ./Drivers/STM32F1xx_HAL_Driver/Src/stm32f1xx_hal_spi.o
 .debug_frame   0x00000000000033b8      0x944 ./Drivers/STM32F1xx_HAL_Driver/Src/stm32f1xx_hal_uart.o
 .debug_frame   0x0000000000003cfc      0x144 C:/ST/STM32CubeIDE_1.11.0/STM32CubeIDE/plugins/com.st.stm32cube.ide.mcu.externaltools.gnu-tools-for-stm32.11.3.rel1.win32_1.1.100.202309141235/tools/bin/../lib/gcc/arm-none-eabi/11.3.1/../../../../arm-none-eabi/lib/thumb/v7-m/nofp\libc_nano.a(libc_a-findfp.o)